  Geri y├╝klenecek projeler belirleniyor...
  Geri y├╝kleme i├ºin t├╝m projeler g├╝ncel.
C:\Users\Ceyda\.gemini\antigravity\scratch\SrcSinavUygulamasi\Converters\FearLogicConverters.cs(11,23): warning CS8767: 'value' parametresinin 'object CriticalStateColorConverter.Convert(object value, Type targetType, object parameter, CultureInfo culture)' t├╝r├╝ndeki ba┼ƒvuru t├╝rlerinin null atanabilirli─ƒi ├╢rt├╝k olarak uygulanan 'object? IValueConverter.Convert(object? value, Type targetType, object? parameter, CultureInfo culture)' ├╝yesiyle e┼ƒle┼ƒmiyor (muhtemelen null atanabilirlik ├╢znitelikleri nedeniyle). [C:\Users\Ceyda\.gemini\antigravity\scratch\SrcSinavUygulamasi\SrcSinavUygulamasi.csproj::TargetFramework=net8.0-maccatalyst]
C:\Users\Ceyda\.gemini\antigravity\scratch\SrcSinavUygulamasi\Converters\FearLogicConverters.cs(11,23): warning CS8767: 'parameter' parametresinin 'object CriticalStateColorConverter.Convert(object value, Type targetType, object parameter, CultureInfo culture)' t├╝r├╝ndeki ba┼ƒvuru t├╝rlerinin null atanabilirli─ƒi ├╢rt├╝k olarak uygulanan 'object? IValueConverter.Convert(object? value, Type targetType, object? parameter, CultureInfo culture)' ├╝yesiyle e┼ƒle┼ƒmiyor (muhtemelen null atanabilirlik ├╢znitelikleri nedeniyle). [C:\Users\Ceyda\.gemini\antigravity\scratch\SrcSinavUygulamasi\SrcSinavUygulamasi.csproj::TargetFramework=net8.0-maccatalyst]
C:\Users\Ceyda\.gemini\antigravity\scratch\SrcSinavUygulamasi\Converters\FearLogicConverters.cs(36,23): warning CS8767: 'value' parametresinin 'object CriticalStateColorConverter.ConvertBack(object value, Type targetType, object parameter, CultureInfo culture)' t├╝r├╝ndeki ba┼ƒvuru t├╝rlerinin null atanabilirli─ƒi ├╢rt├╝k olarak uygulanan 'object? IValueConverter.ConvertBack(object? value, Type targetType, object? parameter, CultureInfo culture)' ├╝yesiyle e┼ƒle┼ƒmiyor (muhtemelen null atanabilirlik ├╢znitelikleri nedeniyle). [C:\Users\Ceyda\.gemini\antigravity\scratch\SrcSinavUygulamasi\SrcSinavUygulamasi.csproj::TargetFramework=net8.0-maccatalyst]
C:\Users\Ceyda\.gemini\antigravity\scratch\SrcSinavUygulamasi\Converters\FearLogicConverters.cs(36,23): warning CS8767: 'parameter' parametresinin 'object CriticalStateColorConverter.ConvertBack(object value, Type targetType, object parameter, CultureInfo culture)' t├╝r├╝ndeki ba┼ƒvuru t├╝rlerinin null atanabilirli─ƒi ├╢rt├╝k olarak uygulanan 'object? IValueConverter.ConvertBack(object? value, Type targetType, object? parameter, CultureInfo culture)' ├╝yesiyle e┼ƒle┼ƒmiyor (muhtemelen null atanabilirlik ├╢znitelikleri nedeniyle). [C:\Users\Ceyda\.gemini\antigravity\scratch\SrcSinavUygulamasi\SrcSinavUygulamasi.csproj::TargetFramework=net8.0-maccatalyst]
C:\Users\Ceyda\.gemini\antigravity\scratch\SrcSinavUygulamasi\Converters\FearLogicConverters.cs(47,23): warning CS8767: 'value' parametresinin 'object PercentageToColorConverter.Convert(object value, Type targetType, object parameter, CultureInfo culture)' t├╝r├╝ndeki ba┼ƒvuru t├╝rlerinin null atanabilirli─ƒi ├╢rt├╝k olarak uygulanan 'object? IValueConverter.Convert(object? value, Type targetType, object? parameter, CultureInfo culture)' ├╝yesiyle e┼ƒle┼ƒmiyor (muhtemelen null atanabilirlik ├╢znitelikleri nedeniyle). [C:\Users\Ceyda\.gemini\antigravity\scratch\SrcSinavUygulamasi\SrcSinavUygulamasi.csproj::TargetFramework=net8.0-maccatalyst]
C:\Users\Ceyda\.gemini\antigravity\scratch\SrcSinavUygulamasi\Converters\FearLogicConverters.cs(47,23): warning CS8767: 'parameter' parametresinin 'object PercentageToColorConverter.Convert(object value, Type targetType, object parameter, CultureInfo culture)' t├╝r├╝ndeki ba┼ƒvuru t├╝rlerinin null atanabilirli─ƒi ├╢rt├╝k olarak uygulanan 'object? IValueConverter.Convert(object? value, Type targetType, object? parameter, CultureInfo culture)' ├╝yesiyle e┼ƒle┼ƒmiyor (muhtemelen null atanabilirlik ├╢znitelikleri nedeniyle). [C:\Users\Ceyda\.gemini\antigravity\scratch\SrcSinavUygulamasi\SrcSinavUygulamasi.csproj::TargetFramework=net8.0-maccatalyst]
C:\Users\Ceyda\.gemini\antigravity\scratch\SrcSinavUygulamasi\Converters\FearLogicConverters.cs(59,23): warning CS8767: 'value' parametresinin 'object PercentageToColorConverter.ConvertBack(object value, Type targetType, object parameter, CultureInfo culture)' t├╝r├╝ndeki ba┼ƒvuru t├╝rlerinin null atanabilirli─ƒi ├╢rt├╝k olarak uygulanan 'object? IValueConverter.ConvertBack(object? value, Type targetType, object? parameter, CultureInfo culture)' ├╝yesiyle e┼ƒle┼ƒmiyor (muhtemelen null atanabilirlik ├╢znitelikleri nedeniyle). [C:\Users\Ceyda\.gemini\antigravity\scratch\SrcSinavUygulamasi\SrcSinavUygulamasi.csproj::TargetFramework=net8.0-maccatalyst]
C:\Users\Ceyda\.gemini\antigravity\scratch\SrcSinavUygulamasi\Converters\FearLogicConverters.cs(59,23): warning CS8767: 'parameter' parametresinin 'object PercentageToColorConverter.ConvertBack(object value, Type targetType, object parameter, CultureInfo culture)' t├╝r├╝ndeki ba┼ƒvuru t├╝rlerinin null atanabilirli─ƒi ├╢rt├╝k olarak uygulanan 'object? IValueConverter.ConvertBack(object? value, Type targetType, object? parameter, CultureInfo culture)' ├╝yesiyle e┼ƒle┼ƒmiyor (muhtemelen null atanabilirlik ├╢znitelikleri nedeniyle). [C:\Users\Ceyda\.gemini\antigravity\scratch\SrcSinavUygulamasi\SrcSinavUygulamasi.csproj::TargetFramework=net8.0-maccatalyst]
C:\Users\Ceyda\.gemini\antigravity\scratch\SrcSinavUygulamasi\Converters\FearLogicConverters.cs(70,23): warning CS8767: 'value' parametresinin 'object StringToColorConverter.Convert(object value, Type targetType, object parameter, CultureInfo culture)' t├╝r├╝ndeki ba┼ƒvuru t├╝rlerinin null atanabilirli─ƒi ├╢rt├╝k olarak uygulanan 'object? IValueConverter.Convert(object? value, Type targetType, object? parameter, CultureInfo culture)' ├╝yesiyle e┼ƒle┼ƒmiyor (muhtemelen null atanabilirlik ├╢znitelikleri nedeniyle). [C:\Users\Ceyda\.gemini\antigravity\scratch\SrcSinavUygulamasi\SrcSinavUygulamasi.csproj::TargetFramework=net8.0-maccatalyst]
C:\Users\Ceyda\.gemini\antigravity\scratch\SrcSinavUygulamasi\Converters\FearLogicConverters.cs(70,23): warning CS8767: 'parameter' parametresinin 'object StringToColorConverter.Convert(object value, Type targetType, object parameter, CultureInfo culture)' t├╝r├╝ndeki ba┼ƒvuru t├╝rlerinin null atanabilirli─ƒi ├╢rt├╝k olarak uygulanan 'object? IValueConverter.Convert(object? value, Type targetType, object? parameter, CultureInfo culture)' ├╝yesiyle e┼ƒle┼ƒmiyor (muhtemelen null atanabilirlik ├╢znitelikleri nedeniyle). [C:\Users\Ceyda\.gemini\antigravity\scratch\SrcSinavUygulamasi\SrcSinavUygulamasi.csproj::TargetFramework=net8.0-maccatalyst]
C:\Users\Ceyda\.gemini\antigravity\scratch\SrcSinavUygulamasi\Converters\FearLogicConverters.cs(86,23): warning CS8767: 'value' parametresinin 'object StringToColorConverter.ConvertBack(object value, Type targetType, object parameter, CultureInfo culture)' t├╝r├╝ndeki ba┼ƒvuru t├╝rlerinin null atanabilirli─ƒi ├╢rt├╝k olarak uygulanan 'object? IValueConverter.ConvertBack(object? value, Type targetType, object? parameter, CultureInfo culture)' ├╝yesiyle e┼ƒle┼ƒmiyor (muhtemelen null atanabilirlik ├╢znitelikleri nedeniyle). [C:\Users\Ceyda\.gemini\antigravity\scratch\SrcSinavUygulamasi\SrcSinavUygulamasi.csproj::TargetFramework=net8.0-maccatalyst]
C:\Users\Ceyda\.gemini\antigravity\scratch\SrcSinavUygulamasi\Converters\FearLogicConverters.cs(86,23): warning CS8767: 'parameter' parametresinin 'object StringToColorConverter.ConvertBack(object value, Type targetType, object parameter, CultureInfo culture)' t├╝r├╝ndeki ba┼ƒvuru t├╝rlerinin null atanabilirli─ƒi ├╢rt├╝k olarak uygulanan 'object? IValueConverter.ConvertBack(object? value, Type targetType, object? parameter, CultureInfo culture)' ├╝yesiyle e┼ƒle┼ƒmiyor (muhtemelen null atanabilirlik ├╢znitelikleri nedeniyle). [C:\Users\Ceyda\.gemini\antigravity\scratch\SrcSinavUygulamasi\SrcSinavUygulamasi.csproj::TargetFramework=net8.0-maccatalyst]
C:\Users\Ceyda\.gemini\antigravity\scratch\SrcSinavUygulamasi\Converters\IndexToColorConverter.cs(8,23): warning CS8767: 'value' parametresinin 'object IndexToColorConverter.Convert(object value, Type targetType, object parameter, CultureInfo culture)' t├╝r├╝ndeki ba┼ƒvuru t├╝rlerinin null atanabilirli─ƒi ├╢rt├╝k olarak uygulanan 'object? IValueConverter.Convert(object? value, Type targetType, object? parameter, CultureInfo culture)' ├╝yesiyle e┼ƒle┼ƒmiyor (muhtemelen null atanabilirlik ├╢znitelikleri nedeniyle). [C:\Users\Ceyda\.gemini\antigravity\scratch\SrcSinavUygulamasi\SrcSinavUygulamasi.csproj::TargetFramework=net8.0-maccatalyst]
C:\Users\Ceyda\.gemini\antigravity\scratch\SrcSinavUygulamasi\Converters\IndexToColorConverter.cs(8,23): warning CS8767: 'parameter' parametresinin 'object IndexToColorConverter.Convert(object value, Type targetType, object parameter, CultureInfo culture)' t├╝r├╝ndeki ba┼ƒvuru t├╝rlerinin null atanabilirli─ƒi ├╢rt├╝k olarak uygulanan 'object? IValueConverter.Convert(object? value, Type targetType, object? parameter, CultureInfo culture)' ├╝yesiyle e┼ƒle┼ƒmiyor (muhtemelen null atanabilirlik ├╢znitelikleri nedeniyle). [C:\Users\Ceyda\.gemini\antigravity\scratch\SrcSinavUygulamasi\SrcSinavUygulamasi.csproj::TargetFramework=net8.0-maccatalyst]
C:\Users\Ceyda\.gemini\antigravity\scratch\SrcSinavUygulamasi\Converters\IndexToColorConverter.cs(15,23): warning CS8767: 'value' parametresinin 'object IndexToColorConverter.ConvertBack(object value, Type targetType, object parameter, CultureInfo culture)' t├╝r├╝ndeki ba┼ƒvuru t├╝rlerinin null atanabilirli─ƒi ├╢rt├╝k olarak uygulanan 'object? IValueConverter.ConvertBack(object? value, Type targetType, object? parameter, CultureInfo culture)' ├╝yesiyle e┼ƒle┼ƒmiyor (muhtemelen null atanabilirlik ├╢znitelikleri nedeniyle). [C:\Users\Ceyda\.gemini\antigravity\scratch\SrcSinavUygulamasi\SrcSinavUygulamasi.csproj::TargetFramework=net8.0-maccatalyst]
C:\Users\Ceyda\.gemini\antigravity\scratch\SrcSinavUygulamasi\Converters\IndexToColorConverter.cs(15,23): warning CS8767: 'parameter' parametresinin 'object IndexToColorConverter.ConvertBack(object value, Type targetType, object parameter, CultureInfo culture)' t├╝r├╝ndeki ba┼ƒvuru t├╝rlerinin null atanabilirli─ƒi ├╢rt├╝k olarak uygulanan 'object? IValueConverter.ConvertBack(object? value, Type targetType, object? parameter, CultureInfo culture)' ├╝yesiyle e┼ƒle┼ƒmiyor (muhtemelen null atanabilirlik ├╢znitelikleri nedeniyle). [C:\Users\Ceyda\.gemini\antigravity\scratch\SrcSinavUygulamasi\SrcSinavUygulamasi.csproj::TargetFramework=net8.0-maccatalyst]
C:\Users\Ceyda\.gemini\antigravity\scratch\SrcSinavUygulamasi\Converters\InvertBoolConverter.cs(5,23): warning CS8767: 'value' parametresinin 'object InvertBoolConverter.Convert(object value, Type targetType, object parameter, CultureInfo culture)' t├╝r├╝ndeki ba┼ƒvuru t├╝rlerinin null atanabilirli─ƒi ├╢rt├╝k olarak uygulanan 'object? IValueConverter.Convert(object? value, Type targetType, object? parameter, CultureInfo culture)' ├╝yesiyle e┼ƒle┼ƒmiyor (muhtemelen null atanabilirlik ├╢znitelikleri nedeniyle). [C:\Users\Ceyda\.gemini\antigravity\scratch\SrcSinavUygulamasi\SrcSinavUygulamasi.csproj::TargetFramework=net8.0-maccatalyst]
C:\Users\Ceyda\.gemini\antigravity\scratch\SrcSinavUygulamasi\Converters\InvertBoolConverter.cs(5,23): warning CS8767: 'parameter' parametresinin 'object InvertBoolConverter.Convert(object value, Type targetType, object parameter, CultureInfo culture)' t├╝r├╝ndeki ba┼ƒvuru t├╝rlerinin null atanabilirli─ƒi ├╢rt├╝k olarak uygulanan 'object? IValueConverter.Convert(object? value, Type targetType, object? parameter, CultureInfo culture)' ├╝yesiyle e┼ƒle┼ƒmiyor (muhtemelen null atanabilirlik ├╢znitelikleri nedeniyle). [C:\Users\Ceyda\.gemini\antigravity\scratch\SrcSinavUygulamasi\SrcSinavUygulamasi.csproj::TargetFramework=net8.0-maccatalyst]
C:\Users\Ceyda\.gemini\antigravity\scratch\SrcSinavUygulamasi\Converters\InvertBoolConverter.cs(12,23): warning CS8767: 'value' parametresinin 'object InvertBoolConverter.ConvertBack(object value, Type targetType, object parameter, CultureInfo culture)' t├╝r├╝ndeki ba┼ƒvuru t├╝rlerinin null atanabilirli─ƒi ├╢rt├╝k olarak uygulanan 'object? IValueConverter.ConvertBack(object? value, Type targetType, object? parameter, CultureInfo culture)' ├╝yesiyle e┼ƒle┼ƒmiyor (muhtemelen null atanabilirlik ├╢znitelikleri nedeniyle). [C:\Users\Ceyda\.gemini\antigravity\scratch\SrcSinavUygulamasi\SrcSinavUygulamasi.csproj::TargetFramework=net8.0-maccatalyst]
C:\Users\Ceyda\.gemini\antigravity\scratch\SrcSinavUygulamasi\Converters\InvertBoolConverter.cs(12,23): warning CS8767: 'parameter' parametresinin 'object InvertBoolConverter.ConvertBack(object value, Type targetType, object parameter, CultureInfo culture)' t├╝r├╝ndeki ba┼ƒvuru t├╝rlerinin null atanabilirli─ƒi ├╢rt├╝k olarak uygulanan 'object? IValueConverter.ConvertBack(object? value, Type targetType, object? parameter, CultureInfo culture)' ├╝yesiyle e┼ƒle┼ƒmiyor (muhtemelen null atanabilirlik ├╢znitelikleri nedeniyle). [C:\Users\Ceyda\.gemini\antigravity\scratch\SrcSinavUygulamasi\SrcSinavUygulamasi.csproj::TargetFramework=net8.0-maccatalyst]
C:\Users\Ceyda\.gemini\antigravity\scratch\SrcSinavUygulamasi\Services\ExamProgressService.cs(356,29): error CS0111: 'ExamProgressService' t├╝r├╝ ayn─▒ parametre t├╝rleriyle 'BuildMiniExamQuestionIds' adl─▒ bir ├╝yeyi zaten tan─▒ml─▒yor [C:\Users\Ceyda\.gemini\antigravity\scratch\SrcSinavUygulamasi\SrcSinavUygulamasi.csproj::TargetFramework=net8.0-maccatalyst]
C:\Users\Ceyda\.gemini\antigravity\scratch\SrcSinavUygulamasi\Converters\FearLogicConverters.cs(11,23): warning CS8767: 'value' parametresinin 'object CriticalStateColorConverter.Convert(object value, Type targetType, object parameter, CultureInfo culture)' t├╝r├╝ndeki ba┼ƒvuru t├╝rlerinin null atanabilirli─ƒi ├╢rt├╝k olarak uygulanan 'object? IValueConverter.Convert(object? value, Type targetType, object? parameter, CultureInfo culture)' ├╝yesiyle e┼ƒle┼ƒmiyor (muhtemelen null atanabilirlik ├╢znitelikleri nedeniyle). [C:\Users\Ceyda\.gemini\antigravity\scratch\SrcSinavUygulamasi\SrcSinavUygulamasi.csproj::TargetFramework=net8.0-ios]
C:\Users\Ceyda\.gemini\antigravity\scratch\SrcSinavUygulamasi\Converters\FearLogicConverters.cs(11,23): warning CS8767: 'parameter' parametresinin 'object CriticalStateColorConverter.Convert(object value, Type targetType, object parameter, CultureInfo culture)' t├╝r├╝ndeki ba┼ƒvuru t├╝rlerinin null atanabilirli─ƒi ├╢rt├╝k olarak uygulanan 'object? IValueConverter.Convert(object? value, Type targetType, object? parameter, CultureInfo culture)' ├╝yesiyle e┼ƒle┼ƒmiyor (muhtemelen null atanabilirlik ├╢znitelikleri nedeniyle). [C:\Users\Ceyda\.gemini\antigravity\scratch\SrcSinavUygulamasi\SrcSinavUygulamasi.csproj::TargetFramework=net8.0-ios]
C:\Users\Ceyda\.gemini\antigravity\scratch\SrcSinavUygulamasi\Converters\FearLogicConverters.cs(36,23): warning CS8767: 'value' parametresinin 'object CriticalStateColorConverter.ConvertBack(object value, Type targetType, object parameter, CultureInfo culture)' t├╝r├╝ndeki ba┼ƒvuru t├╝rlerinin null atanabilirli─ƒi ├╢rt├╝k olarak uygulanan 'object? IValueConverter.ConvertBack(object? value, Type targetType, object? parameter, CultureInfo culture)' ├╝yesiyle e┼ƒle┼ƒmiyor (muhtemelen null atanabilirlik ├╢znitelikleri nedeniyle). [C:\Users\Ceyda\.gemini\antigravity\scratch\SrcSinavUygulamasi\SrcSinavUygulamasi.csproj::TargetFramework=net8.0-ios]
C:\Users\Ceyda\.gemini\antigravity\scratch\SrcSinavUygulamasi\Converters\FearLogicConverters.cs(36,23): warning CS8767: 'parameter' parametresinin 'object CriticalStateColorConverter.ConvertBack(object value, Type targetType, object parameter, CultureInfo culture)' t├╝r├╝ndeki ba┼ƒvuru t├╝rlerinin null atanabilirli─ƒi ├╢rt├╝k olarak uygulanan 'object? IValueConverter.ConvertBack(object? value, Type targetType, object? parameter, CultureInfo culture)' ├╝yesiyle e┼ƒle┼ƒmiyor (muhtemelen null atanabilirlik ├╢znitelikleri nedeniyle). [C:\Users\Ceyda\.gemini\antigravity\scratch\SrcSinavUygulamasi\SrcSinavUygulamasi.csproj::TargetFramework=net8.0-ios]
C:\Users\Ceyda\.gemini\antigravity\scratch\SrcSinavUygulamasi\Converters\FearLogicConverters.cs(47,23): warning CS8767: 'value' parametresinin 'object PercentageToColorConverter.Convert(object value, Type targetType, object parameter, CultureInfo culture)' t├╝r├╝ndeki ba┼ƒvuru t├╝rlerinin null atanabilirli─ƒi ├╢rt├╝k olarak uygulanan 'object? IValueConverter.Convert(object? value, Type targetType, object? parameter, CultureInfo culture)' ├╝yesiyle e┼ƒle┼ƒmiyor (muhtemelen null atanabilirlik ├╢znitelikleri nedeniyle). [C:\Users\Ceyda\.gemini\antigravity\scratch\SrcSinavUygulamasi\SrcSinavUygulamasi.csproj::TargetFramework=net8.0-ios]
C:\Users\Ceyda\.gemini\antigravity\scratch\SrcSinavUygulamasi\Converters\FearLogicConverters.cs(47,23): warning CS8767: 'parameter' parametresinin 'object PercentageToColorConverter.Convert(object value, Type targetType, object parameter, CultureInfo culture)' t├╝r├╝ndeki ba┼ƒvuru t├╝rlerinin null atanabilirli─ƒi ├╢rt├╝k olarak uygulanan 'object? IValueConverter.Convert(object? value, Type targetType, object? parameter, CultureInfo culture)' ├╝yesiyle e┼ƒle┼ƒmiyor (muhtemelen null atanabilirlik ├╢znitelikleri nedeniyle). [C:\Users\Ceyda\.gemini\antigravity\scratch\SrcSinavUygulamasi\SrcSinavUygulamasi.csproj::TargetFramework=net8.0-ios]
C:\Users\Ceyda\.gemini\antigravity\scratch\SrcSinavUygulamasi\Converters\FearLogicConverters.cs(59,23): warning CS8767: 'value' parametresinin 'object PercentageToColorConverter.ConvertBack(object value, Type targetType, object parameter, CultureInfo culture)' t├╝r├╝ndeki ba┼ƒvuru t├╝rlerinin null atanabilirli─ƒi ├╢rt├╝k olarak uygulanan 'object? IValueConverter.ConvertBack(object? value, Type targetType, object? parameter, CultureInfo culture)' ├╝yesiyle e┼ƒle┼ƒmiyor (muhtemelen null atanabilirlik ├╢znitelikleri nedeniyle). [C:\Users\Ceyda\.gemini\antigravity\scratch\SrcSinavUygulamasi\SrcSinavUygulamasi.csproj::TargetFramework=net8.0-ios]
C:\Users\Ceyda\.gemini\antigravity\scratch\SrcSinavUygulamasi\Converters\FearLogicConverters.cs(59,23): warning CS8767: 'parameter' parametresinin 'object PercentageToColorConverter.ConvertBack(object value, Type targetType, object parameter, CultureInfo culture)' t├╝r├╝ndeki ba┼ƒvuru t├╝rlerinin null atanabilirli─ƒi ├╢rt├╝k olarak uygulanan 'object? IValueConverter.ConvertBack(object? value, Type targetType, object? parameter, CultureInfo culture)' ├╝yesiyle e┼ƒle┼ƒmiyor (muhtemelen null atanabilirlik ├╢znitelikleri nedeniyle). [C:\Users\Ceyda\.gemini\antigravity\scratch\SrcSinavUygulamasi\SrcSinavUygulamasi.csproj::TargetFramework=net8.0-ios]
C:\Users\Ceyda\.gemini\antigravity\scratch\SrcSinavUygulamasi\Converters\FearLogicConverters.cs(70,23): warning CS8767: 'value' parametresinin 'object StringToColorConverter.Convert(object value, Type targetType, object parameter, CultureInfo culture)' t├╝r├╝ndeki ba┼ƒvuru t├╝rlerinin null atanabilirli─ƒi ├╢rt├╝k olarak uygulanan 'object? IValueConverter.Convert(object? value, Type targetType, object? parameter, CultureInfo culture)' ├╝yesiyle e┼ƒle┼ƒmiyor (muhtemelen null atanabilirlik ├╢znitelikleri nedeniyle). [C:\Users\Ceyda\.gemini\antigravity\scratch\SrcSinavUygulamasi\SrcSinavUygulamasi.csproj::TargetFramework=net8.0-ios]
C:\Users\Ceyda\.gemini\antigravity\scratch\SrcSinavUygulamasi\Converters\FearLogicConverters.cs(70,23): warning CS8767: 'parameter' parametresinin 'object StringToColorConverter.Convert(object value, Type targetType, object parameter, CultureInfo culture)' t├╝r├╝ndeki ba┼ƒvuru t├╝rlerinin null atanabilirli─ƒi ├╢rt├╝k olarak uygulanan 'object? IValueConverter.Convert(object? value, Type targetType, object? parameter, CultureInfo culture)' ├╝yesiyle e┼ƒle┼ƒmiyor (muhtemelen null atanabilirlik ├╢znitelikleri nedeniyle). [C:\Users\Ceyda\.gemini\antigravity\scratch\SrcSinavUygulamasi\SrcSinavUygulamasi.csproj::TargetFramework=net8.0-ios]
C:\Users\Ceyda\.gemini\antigravity\scratch\SrcSinavUygulamasi\Converters\FearLogicConverters.cs(86,23): warning CS8767: 'value' parametresinin 'object StringToColorConverter.ConvertBack(object value, Type targetType, object parameter, CultureInfo culture)' t├╝r├╝ndeki ba┼ƒvuru t├╝rlerinin null atanabilirli─ƒi ├╢rt├╝k olarak uygulanan 'object? IValueConverter.ConvertBack(object? value, Type targetType, object? parameter, CultureInfo culture)' ├╝yesiyle e┼ƒle┼ƒmiyor (muhtemelen null atanabilirlik ├╢znitelikleri nedeniyle). [C:\Users\Ceyda\.gemini\antigravity\scratch\SrcSinavUygulamasi\SrcSinavUygulamasi.csproj::TargetFramework=net8.0-ios]
C:\Users\Ceyda\.gemini\antigravity\scratch\SrcSinavUygulamasi\Converters\FearLogicConverters.cs(86,23): warning CS8767: 'parameter' parametresinin 'object StringToColorConverter.ConvertBack(object value, Type targetType, object parameter, CultureInfo culture)' t├╝r├╝ndeki ba┼ƒvuru t├╝rlerinin null atanabilirli─ƒi ├╢rt├╝k olarak uygulanan 'object? IValueConverter.ConvertBack(object? value, Type targetType, object? parameter, CultureInfo culture)' ├╝yesiyle e┼ƒle┼ƒmiyor (muhtemelen null atanabilirlik ├╢znitelikleri nedeniyle). [C:\Users\Ceyda\.gemini\antigravity\scratch\SrcSinavUygulamasi\SrcSinavUygulamasi.csproj::TargetFramework=net8.0-ios]
C:\Users\Ceyda\.gemini\antigravity\scratch\SrcSinavUygulamasi\Converters\IndexToColorConverter.cs(8,23): warning CS8767: 'value' parametresinin 'object IndexToColorConverter.Convert(object value, Type targetType, object parameter, CultureInfo culture)' t├╝r├╝ndeki ba┼ƒvuru t├╝rlerinin null atanabilirli─ƒi ├╢rt├╝k olarak uygulanan 'object? IValueConverter.Convert(object? value, Type targetType, object? parameter, CultureInfo culture)' ├╝yesiyle e┼ƒle┼ƒmiyor (muhtemelen null atanabilirlik ├╢znitelikleri nedeniyle). [C:\Users\Ceyda\.gemini\antigravity\scratch\SrcSinavUygulamasi\SrcSinavUygulamasi.csproj::TargetFramework=net8.0-ios]
C:\Users\Ceyda\.gemini\antigravity\scratch\SrcSinavUygulamasi\Converters\IndexToColorConverter.cs(8,23): warning CS8767: 'parameter' parametresinin 'object IndexToColorConverter.Convert(object value, Type targetType, object parameter, CultureInfo culture)' t├╝r├╝ndeki ba┼ƒvuru t├╝rlerinin null atanabilirli─ƒi ├╢rt├╝k olarak uygulanan 'object? IValueConverter.Convert(object? value, Type targetType, object? parameter, CultureInfo culture)' ├╝yesiyle e┼ƒle┼ƒmiyor (muhtemelen null atanabilirlik ├╢znitelikleri nedeniyle). [C:\Users\Ceyda\.gemini\antigravity\scratch\SrcSinavUygulamasi\SrcSinavUygulamasi.csproj::TargetFramework=net8.0-ios]
C:\Users\Ceyda\.gemini\antigravity\scratch\SrcSinavUygulamasi\Converters\IndexToColorConverter.cs(15,23): warning CS8767: 'value' parametresinin 'object IndexToColorConverter.ConvertBack(object value, Type targetType, object parameter, CultureInfo culture)' t├╝r├╝ndeki ba┼ƒvuru t├╝rlerinin null atanabilirli─ƒi ├╢rt├╝k olarak uygulanan 'object? IValueConverter.ConvertBack(object? value, Type targetType, object? parameter, CultureInfo culture)' ├╝yesiyle e┼ƒle┼ƒmiyor (muhtemelen null atanabilirlik ├╢znitelikleri nedeniyle). [C:\Users\Ceyda\.gemini\antigravity\scratch\SrcSinavUygulamasi\SrcSinavUygulamasi.csproj::TargetFramework=net8.0-ios]
C:\Users\Ceyda\.gemini\antigravity\scratch\SrcSinavUygulamasi\Converters\IndexToColorConverter.cs(15,23): warning CS8767: 'parameter' parametresinin 'object IndexToColorConverter.ConvertBack(object value, Type targetType, object parameter, CultureInfo culture)' t├╝r├╝ndeki ba┼ƒvuru t├╝rlerinin null atanabilirli─ƒi ├╢rt├╝k olarak uygulanan 'object? IValueConverter.ConvertBack(object? value, Type targetType, object? parameter, CultureInfo culture)' ├╝yesiyle e┼ƒle┼ƒmiyor (muhtemelen null atanabilirlik ├╢znitelikleri nedeniyle). [C:\Users\Ceyda\.gemini\antigravity\scratch\SrcSinavUygulamasi\SrcSinavUygulamasi.csproj::TargetFramework=net8.0-ios]
C:\Users\Ceyda\.gemini\antigravity\scratch\SrcSinavUygulamasi\Converters\InvertBoolConverter.cs(5,23): warning CS8767: 'value' parametresinin 'object InvertBoolConverter.Convert(object value, Type targetType, object parameter, CultureInfo culture)' t├╝r├╝ndeki ba┼ƒvuru t├╝rlerinin null atanabilirli─ƒi ├╢rt├╝k olarak uygulanan 'object? IValueConverter.Convert(object? value, Type targetType, object? parameter, CultureInfo culture)' ├╝yesiyle e┼ƒle┼ƒmiyor (muhtemelen null atanabilirlik ├╢znitelikleri nedeniyle). [C:\Users\Ceyda\.gemini\antigravity\scratch\SrcSinavUygulamasi\SrcSinavUygulamasi.csproj::TargetFramework=net8.0-ios]
C:\Users\Ceyda\.gemini\antigravity\scratch\SrcSinavUygulamasi\Converters\InvertBoolConverter.cs(5,23): warning CS8767: 'parameter' parametresinin 'object InvertBoolConverter.Convert(object value, Type targetType, object parameter, CultureInfo culture)' t├╝r├╝ndeki ba┼ƒvuru t├╝rlerinin null atanabilirli─ƒi ├╢rt├╝k olarak uygulanan 'object? IValueConverter.Convert(object? value, Type targetType, object? parameter, CultureInfo culture)' ├╝yesiyle e┼ƒle┼ƒmiyor (muhtemelen null atanabilirlik ├╢znitelikleri nedeniyle). [C:\Users\Ceyda\.gemini\antigravity\scratch\SrcSinavUygulamasi\SrcSinavUygulamasi.csproj::TargetFramework=net8.0-ios]
C:\Users\Ceyda\.gemini\antigravity\scratch\SrcSinavUygulamasi\Converters\InvertBoolConverter.cs(12,23): warning CS8767: 'value' parametresinin 'object InvertBoolConverter.ConvertBack(object value, Type targetType, object parameter, CultureInfo culture)' t├╝r├╝ndeki ba┼ƒvuru t├╝rlerinin null atanabilirli─ƒi ├╢rt├╝k olarak uygulanan 'object? IValueConverter.ConvertBack(object? value, Type targetType, object? parameter, CultureInfo culture)' ├╝yesiyle e┼ƒle┼ƒmiyor (muhtemelen null atanabilirlik ├╢znitelikleri nedeniyle). [C:\Users\Ceyda\.gemini\antigravity\scratch\SrcSinavUygulamasi\SrcSinavUygulamasi.csproj::TargetFramework=net8.0-ios]
C:\Users\Ceyda\.gemini\antigravity\scratch\SrcSinavUygulamasi\Converters\InvertBoolConverter.cs(12,23): warning CS8767: 'parameter' parametresinin 'object InvertBoolConverter.ConvertBack(object value, Type targetType, object parameter, CultureInfo culture)' t├╝r├╝ndeki ba┼ƒvuru t├╝rlerinin null atanabilirli─ƒi ├╢rt├╝k olarak uygulanan 'object? IValueConverter.ConvertBack(object? value, Type targetType, object? parameter, CultureInfo culture)' ├╝yesiyle e┼ƒle┼ƒmiyor (muhtemelen null atanabilirlik ├╢znitelikleri nedeniyle). [C:\Users\Ceyda\.gemini\antigravity\scratch\SrcSinavUygulamasi\SrcSinavUygulamasi.csproj::TargetFramework=net8.0-ios]
C:\Users\Ceyda\.gemini\antigravity\scratch\SrcSinavUygulamasi\Services\ExamProgressService.cs(356,29): error CS0111: 'ExamProgressService' t├╝r├╝ ayn─▒ parametre t├╝rleriyle 'BuildMiniExamQuestionIds' adl─▒ bir ├╝yeyi zaten tan─▒ml─▒yor [C:\Users\Ceyda\.gemini\antigravity\scratch\SrcSinavUygulamasi\SrcSinavUygulamasi.csproj::TargetFramework=net8.0-ios]
C:\Users\Ceyda\.gemini\antigravity\scratch\SrcSinavUygulamasi\Models\SubjectScoreModel.cs(23,22): warning CS1570: XML yorumu k├╢t├╝ bi├ºimli XML'e sahip -- 'Bir tan─▒mlay─▒c─▒ beklendi.' [C:\Users\Ceyda\.gemini\antigravity\scratch\SrcSinavUygulamasi\SrcSinavUygulamasi.csproj::TargetFramework=net8.0-android]
C:\Users\Ceyda\.gemini\antigravity\scratch\SrcSinavUygulamasi\Models\SubjectScoreModel.cs(23,22): warning CS1570: XML yorumu k├╢t├╝ bi├ºimli XML'e sahip -- '5' [C:\Users\Ceyda\.gemini\antigravity\scratch\SrcSinavUygulamasi\SrcSinavUygulamasi.csproj::TargetFramework=net8.0-android]
C:\Users\Ceyda\.gemini\antigravity\scratch\SrcSinavUygulamasi\Models\SubjectScoreModel.cs(24,15): warning CS1570: XML yorumu k├╢t├╝ bi├ºimli XML'e sahip -- ''summary' biti┼ƒ etiketi '' ba┼ƒlang─▒├º etiketi ile e┼ƒle┼ƒmiyor.' [C:\Users\Ceyda\.gemini\antigravity\scratch\SrcSinavUygulamasi\SrcSinavUygulamasi.csproj::TargetFramework=net8.0-android]
C:\Users\Ceyda\.gemini\antigravity\scratch\SrcSinavUygulamasi\Models\SubjectScoreModel.cs(25,1): warning CS1570: XML yorumu k├╢t├╝ bi├ºimli XML'e sahip -- ''summary' ├╢─ƒesi i├ºin bir biti┼ƒ etiketi bekleniyor.' [C:\Users\Ceyda\.gemini\antigravity\scratch\SrcSinavUygulamasi\SrcSinavUygulamasi.csproj::TargetFramework=net8.0-android]
C:\Users\Ceyda\.gemini\antigravity\scratch\SrcSinavUygulamasi\Views\ResultPage.xaml.cs(12,11): warning CS1570: XML yorumu k├╢t├╝ bi├ºimli XML'e sahip -- 'Bir tan─▒mlay─▒c─▒ beklendi.' [C:\Users\Ceyda\.gemini\antigravity\scratch\SrcSinavUygulamasi\SrcSinavUygulamasi.csproj::TargetFramework=net8.0-android]
C:\Users\Ceyda\.gemini\antigravity\scratch\SrcSinavUygulamasi\Views\ResultPage.xaml.cs(12,11): warning CS1570: XML yorumu k├╢t├╝ bi├ºimli XML'e sahip -- '7' [C:\Users\Ceyda\.gemini\antigravity\scratch\SrcSinavUygulamasi\SrcSinavUygulamasi.csproj::TargetFramework=net8.0-android]
C:\Users\Ceyda\.gemini\antigravity\scratch\SrcSinavUygulamasi\Views\ResultPage.xaml.cs(12,38): warning CS1570: XML yorumu k├╢t├╝ bi├ºimli XML'e sahip -- 'Bir tan─▒mlay─▒c─▒ beklendi.' [C:\Users\Ceyda\.gemini\antigravity\scratch\SrcSinavUygulamasi\SrcSinavUygulamasi.csproj::TargetFramework=net8.0-android]
C:\Users\Ceyda\.gemini\antigravity\scratch\SrcSinavUygulamasi\Views\ResultPage.xaml.cs(12,38): warning CS1570: XML yorumu k├╢t├╝ bi├ºimli XML'e sahip -- '8' [C:\Users\Ceyda\.gemini\antigravity\scratch\SrcSinavUygulamasi\SrcSinavUygulamasi.csproj::TargetFramework=net8.0-android]
C:\Users\Ceyda\.gemini\antigravity\scratch\SrcSinavUygulamasi\Views\ResultPage.xaml.cs(16,7): warning CS1570: XML yorumu k├╢t├╝ bi├ºimli XML'e sahip -- ''summary' biti┼ƒ etiketi '' ba┼ƒlang─▒├º etiketi ile e┼ƒle┼ƒmiyor.' [C:\Users\Ceyda\.gemini\antigravity\scratch\SrcSinavUygulamasi\SrcSinavUygulamasi.csproj::TargetFramework=net8.0-android]
C:\Users\Ceyda\.gemini\antigravity\scratch\SrcSinavUygulamasi\Views\ResultPage.xaml.cs(17,1): warning CS1570: XML yorumu k├╢t├╝ bi├ºimli XML'e sahip -- ''summary' ├╢─ƒesi i├ºin bir biti┼ƒ etiketi bekleniyor.' [C:\Users\Ceyda\.gemini\antigravity\scratch\SrcSinavUygulamasi\SrcSinavUygulamasi.csproj::TargetFramework=net8.0-android]
C:\Users\Ceyda\.gemini\antigravity\scratch\SrcSinavUygulamasi\Converters\FearLogicConverters.cs(11,23): warning CS8767: 'value' parametresinin 'object CriticalStateColorConverter.Convert(object value, Type targetType, object parameter, CultureInfo culture)' t├╝r├╝ndeki ba┼ƒvuru t├╝rlerinin null atanabilirli─ƒi ├╢rt├╝k olarak uygulanan 'object? IValueConverter.Convert(object? value, Type targetType, object? parameter, CultureInfo culture)' ├╝yesiyle e┼ƒle┼ƒmiyor (muhtemelen null atanabilirlik ├╢znitelikleri nedeniyle). [C:\Users\Ceyda\.gemini\antigravity\scratch\SrcSinavUygulamasi\SrcSinavUygulamasi.csproj::TargetFramework=net8.0-android]
C:\Users\Ceyda\.gemini\antigravity\scratch\SrcSinavUygulamasi\Converters\FearLogicConverters.cs(11,23): warning CS8767: 'parameter' parametresinin 'object CriticalStateColorConverter.Convert(object value, Type targetType, object parameter, CultureInfo culture)' t├╝r├╝ndeki ba┼ƒvuru t├╝rlerinin null atanabilirli─ƒi ├╢rt├╝k olarak uygulanan 'object? IValueConverter.Convert(object? value, Type targetType, object? parameter, CultureInfo culture)' ├╝yesiyle e┼ƒle┼ƒmiyor (muhtemelen null atanabilirlik ├╢znitelikleri nedeniyle). [C:\Users\Ceyda\.gemini\antigravity\scratch\SrcSinavUygulamasi\SrcSinavUygulamasi.csproj::TargetFramework=net8.0-android]
C:\Users\Ceyda\.gemini\antigravity\scratch\SrcSinavUygulamasi\Converters\FearLogicConverters.cs(36,23): warning CS8767: 'value' parametresinin 'object CriticalStateColorConverter.ConvertBack(object value, Type targetType, object parameter, CultureInfo culture)' t├╝r├╝ndeki ba┼ƒvuru t├╝rlerinin null atanabilirli─ƒi ├╢rt├╝k olarak uygulanan 'object? IValueConverter.ConvertBack(object? value, Type targetType, object? parameter, CultureInfo culture)' ├╝yesiyle e┼ƒle┼ƒmiyor (muhtemelen null atanabilirlik ├╢znitelikleri nedeniyle). [C:\Users\Ceyda\.gemini\antigravity\scratch\SrcSinavUygulamasi\SrcSinavUygulamasi.csproj::TargetFramework=net8.0-android]
C:\Users\Ceyda\.gemini\antigravity\scratch\SrcSinavUygulamasi\Converters\FearLogicConverters.cs(36,23): warning CS8767: 'parameter' parametresinin 'object CriticalStateColorConverter.ConvertBack(object value, Type targetType, object parameter, CultureInfo culture)' t├╝r├╝ndeki ba┼ƒvuru t├╝rlerinin null atanabilirli─ƒi ├╢rt├╝k olarak uygulanan 'object? IValueConverter.ConvertBack(object? value, Type targetType, object? parameter, CultureInfo culture)' ├╝yesiyle e┼ƒle┼ƒmiyor (muhtemelen null atanabilirlik ├╢znitelikleri nedeniyle). [C:\Users\Ceyda\.gemini\antigravity\scratch\SrcSinavUygulamasi\SrcSinavUygulamasi.csproj::TargetFramework=net8.0-android]
C:\Users\Ceyda\.gemini\antigravity\scratch\SrcSinavUygulamasi\Converters\FearLogicConverters.cs(47,23): warning CS8767: 'value' parametresinin 'object PercentageToColorConverter.Convert(object value, Type targetType, object parameter, CultureInfo culture)' t├╝r├╝ndeki ba┼ƒvuru t├╝rlerinin null atanabilirli─ƒi ├╢rt├╝k olarak uygulanan 'object? IValueConverter.Convert(object? value, Type targetType, object? parameter, CultureInfo culture)' ├╝yesiyle e┼ƒle┼ƒmiyor (muhtemelen null atanabilirlik ├╢znitelikleri nedeniyle). [C:\Users\Ceyda\.gemini\antigravity\scratch\SrcSinavUygulamasi\SrcSinavUygulamasi.csproj::TargetFramework=net8.0-android]
C:\Users\Ceyda\.gemini\antigravity\scratch\SrcSinavUygulamasi\Converters\FearLogicConverters.cs(47,23): warning CS8767: 'parameter' parametresinin 'object PercentageToColorConverter.Convert(object value, Type targetType, object parameter, CultureInfo culture)' t├╝r├╝ndeki ba┼ƒvuru t├╝rlerinin null atanabilirli─ƒi ├╢rt├╝k olarak uygulanan 'object? IValueConverter.Convert(object? value, Type targetType, object? parameter, CultureInfo culture)' ├╝yesiyle e┼ƒle┼ƒmiyor (muhtemelen null atanabilirlik ├╢znitelikleri nedeniyle). [C:\Users\Ceyda\.gemini\antigravity\scratch\SrcSinavUygulamasi\SrcSinavUygulamasi.csproj::TargetFramework=net8.0-android]
C:\Users\Ceyda\.gemini\antigravity\scratch\SrcSinavUygulamasi\Converters\FearLogicConverters.cs(59,23): warning CS8767: 'value' parametresinin 'object PercentageToColorConverter.ConvertBack(object value, Type targetType, object parameter, CultureInfo culture)' t├╝r├╝ndeki ba┼ƒvuru t├╝rlerinin null atanabilirli─ƒi ├╢rt├╝k olarak uygulanan 'object? IValueConverter.ConvertBack(object? value, Type targetType, object? parameter, CultureInfo culture)' ├╝yesiyle e┼ƒle┼ƒmiyor (muhtemelen null atanabilirlik ├╢znitelikleri nedeniyle). [C:\Users\Ceyda\.gemini\antigravity\scratch\SrcSinavUygulamasi\SrcSinavUygulamasi.csproj::TargetFramework=net8.0-android]
C:\Users\Ceyda\.gemini\antigravity\scratch\SrcSinavUygulamasi\Converters\FearLogicConverters.cs(59,23): warning CS8767: 'parameter' parametresinin 'object PercentageToColorConverter.ConvertBack(object value, Type targetType, object parameter, CultureInfo culture)' t├╝r├╝ndeki ba┼ƒvuru t├╝rlerinin null atanabilirli─ƒi ├╢rt├╝k olarak uygulanan 'object? IValueConverter.ConvertBack(object? value, Type targetType, object? parameter, CultureInfo culture)' ├╝yesiyle e┼ƒle┼ƒmiyor (muhtemelen null atanabilirlik ├╢znitelikleri nedeniyle). [C:\Users\Ceyda\.gemini\antigravity\scratch\SrcSinavUygulamasi\SrcSinavUygulamasi.csproj::TargetFramework=net8.0-android]
C:\Users\Ceyda\.gemini\antigravity\scratch\SrcSinavUygulamasi\Converters\FearLogicConverters.cs(70,23): warning CS8767: 'value' parametresinin 'object StringToColorConverter.Convert(object value, Type targetType, object parameter, CultureInfo culture)' t├╝r├╝ndeki ba┼ƒvuru t├╝rlerinin null atanabilirli─ƒi ├╢rt├╝k olarak uygulanan 'object? IValueConverter.Convert(object? value, Type targetType, object? parameter, CultureInfo culture)' ├╝yesiyle e┼ƒle┼ƒmiyor (muhtemelen null atanabilirlik ├╢znitelikleri nedeniyle). [C:\Users\Ceyda\.gemini\antigravity\scratch\SrcSinavUygulamasi\SrcSinavUygulamasi.csproj::TargetFramework=net8.0-android]
C:\Users\Ceyda\.gemini\antigravity\scratch\SrcSinavUygulamasi\Converters\FearLogicConverters.cs(70,23): warning CS8767: 'parameter' parametresinin 'object StringToColorConverter.Convert(object value, Type targetType, object parameter, CultureInfo culture)' t├╝r├╝ndeki ba┼ƒvuru t├╝rlerinin null atanabilirli─ƒi ├╢rt├╝k olarak uygulanan 'object? IValueConverter.Convert(object? value, Type targetType, object? parameter, CultureInfo culture)' ├╝yesiyle e┼ƒle┼ƒmiyor (muhtemelen null atanabilirlik ├╢znitelikleri nedeniyle). [C:\Users\Ceyda\.gemini\antigravity\scratch\SrcSinavUygulamasi\SrcSinavUygulamasi.csproj::TargetFramework=net8.0-android]
C:\Users\Ceyda\.gemini\antigravity\scratch\SrcSinavUygulamasi\Converters\FearLogicConverters.cs(86,23): warning CS8767: 'value' parametresinin 'object StringToColorConverter.ConvertBack(object value, Type targetType, object parameter, CultureInfo culture)' t├╝r├╝ndeki ba┼ƒvuru t├╝rlerinin null atanabilirli─ƒi ├╢rt├╝k olarak uygulanan 'object? IValueConverter.ConvertBack(object? value, Type targetType, object? parameter, CultureInfo culture)' ├╝yesiyle e┼ƒle┼ƒmiyor (muhtemelen null atanabilirlik ├╢znitelikleri nedeniyle). [C:\Users\Ceyda\.gemini\antigravity\scratch\SrcSinavUygulamasi\SrcSinavUygulamasi.csproj::TargetFramework=net8.0-android]
C:\Users\Ceyda\.gemini\antigravity\scratch\SrcSinavUygulamasi\Converters\FearLogicConverters.cs(86,23): warning CS8767: 'parameter' parametresinin 'object StringToColorConverter.ConvertBack(object value, Type targetType, object parameter, CultureInfo culture)' t├╝r├╝ndeki ba┼ƒvuru t├╝rlerinin null atanabilirli─ƒi ├╢rt├╝k olarak uygulanan 'object? IValueConverter.ConvertBack(object? value, Type targetType, object? parameter, CultureInfo culture)' ├╝yesiyle e┼ƒle┼ƒmiyor (muhtemelen null atanabilirlik ├╢znitelikleri nedeniyle). [C:\Users\Ceyda\.gemini\antigravity\scratch\SrcSinavUygulamasi\SrcSinavUygulamasi.csproj::TargetFramework=net8.0-android]
C:\Users\Ceyda\.gemini\antigravity\scratch\SrcSinavUygulamasi\Converters\IndexToColorConverter.cs(8,23): warning CS8767: 'value' parametresinin 'object IndexToColorConverter.Convert(object value, Type targetType, object parameter, CultureInfo culture)' t├╝r├╝ndeki ba┼ƒvuru t├╝rlerinin null atanabilirli─ƒi ├╢rt├╝k olarak uygulanan 'object? IValueConverter.Convert(object? value, Type targetType, object? parameter, CultureInfo culture)' ├╝yesiyle e┼ƒle┼ƒmiyor (muhtemelen null atanabilirlik ├╢znitelikleri nedeniyle). [C:\Users\Ceyda\.gemini\antigravity\scratch\SrcSinavUygulamasi\SrcSinavUygulamasi.csproj::TargetFramework=net8.0-android]
C:\Users\Ceyda\.gemini\antigravity\scratch\SrcSinavUygulamasi\Converters\IndexToColorConverter.cs(8,23): warning CS8767: 'parameter' parametresinin 'object IndexToColorConverter.Convert(object value, Type targetType, object parameter, CultureInfo culture)' t├╝r├╝ndeki ba┼ƒvuru t├╝rlerinin null atanabilirli─ƒi ├╢rt├╝k olarak uygulanan 'object? IValueConverter.Convert(object? value, Type targetType, object? parameter, CultureInfo culture)' ├╝yesiyle e┼ƒle┼ƒmiyor (muhtemelen null atanabilirlik ├╢znitelikleri nedeniyle). [C:\Users\Ceyda\.gemini\antigravity\scratch\SrcSinavUygulamasi\SrcSinavUygulamasi.csproj::TargetFramework=net8.0-android]
C:\Users\Ceyda\.gemini\antigravity\scratch\SrcSinavUygulamasi\Converters\IndexToColorConverter.cs(15,23): warning CS8767: 'value' parametresinin 'object IndexToColorConverter.ConvertBack(object value, Type targetType, object parameter, CultureInfo culture)' t├╝r├╝ndeki ba┼ƒvuru t├╝rlerinin null atanabilirli─ƒi ├╢rt├╝k olarak uygulanan 'object? IValueConverter.ConvertBack(object? value, Type targetType, object? parameter, CultureInfo culture)' ├╝yesiyle e┼ƒle┼ƒmiyor (muhtemelen null atanabilirlik ├╢znitelikleri nedeniyle). [C:\Users\Ceyda\.gemini\antigravity\scratch\SrcSinavUygulamasi\SrcSinavUygulamasi.csproj::TargetFramework=net8.0-android]
C:\Users\Ceyda\.gemini\antigravity\scratch\SrcSinavUygulamasi\Converters\IndexToColorConverter.cs(15,23): warning CS8767: 'parameter' parametresinin 'object IndexToColorConverter.ConvertBack(object value, Type targetType, object parameter, CultureInfo culture)' t├╝r├╝ndeki ba┼ƒvuru t├╝rlerinin null atanabilirli─ƒi ├╢rt├╝k olarak uygulanan 'object? IValueConverter.ConvertBack(object? value, Type targetType, object? parameter, CultureInfo culture)' ├╝yesiyle e┼ƒle┼ƒmiyor (muhtemelen null atanabilirlik ├╢znitelikleri nedeniyle). [C:\Users\Ceyda\.gemini\antigravity\scratch\SrcSinavUygulamasi\SrcSinavUygulamasi.csproj::TargetFramework=net8.0-android]
C:\Users\Ceyda\.gemini\antigravity\scratch\SrcSinavUygulamasi\Converters\InvertBoolConverter.cs(5,23): warning CS8767: 'value' parametresinin 'object InvertBoolConverter.Convert(object value, Type targetType, object parameter, CultureInfo culture)' t├╝r├╝ndeki ba┼ƒvuru t├╝rlerinin null atanabilirli─ƒi ├╢rt├╝k olarak uygulanan 'object? IValueConverter.Convert(object? value, Type targetType, object? parameter, CultureInfo culture)' ├╝yesiyle e┼ƒle┼ƒmiyor (muhtemelen null atanabilirlik ├╢znitelikleri nedeniyle). [C:\Users\Ceyda\.gemini\antigravity\scratch\SrcSinavUygulamasi\SrcSinavUygulamasi.csproj::TargetFramework=net8.0-android]
C:\Users\Ceyda\.gemini\antigravity\scratch\SrcSinavUygulamasi\Converters\InvertBoolConverter.cs(5,23): warning CS8767: 'parameter' parametresinin 'object InvertBoolConverter.Convert(object value, Type targetType, object parameter, CultureInfo culture)' t├╝r├╝ndeki ba┼ƒvuru t├╝rlerinin null atanabilirli─ƒi ├╢rt├╝k olarak uygulanan 'object? IValueConverter.Convert(object? value, Type targetType, object? parameter, CultureInfo culture)' ├╝yesiyle e┼ƒle┼ƒmiyor (muhtemelen null atanabilirlik ├╢znitelikleri nedeniyle). [C:\Users\Ceyda\.gemini\antigravity\scratch\SrcSinavUygulamasi\SrcSinavUygulamasi.csproj::TargetFramework=net8.0-android]
C:\Users\Ceyda\.gemini\antigravity\scratch\SrcSinavUygulamasi\Converters\InvertBoolConverter.cs(12,23): warning CS8767: 'value' parametresinin 'object InvertBoolConverter.ConvertBack(object value, Type targetType, object parameter, CultureInfo culture)' t├╝r├╝ndeki ba┼ƒvuru t├╝rlerinin null atanabilirli─ƒi ├╢rt├╝k olarak uygulanan 'object? IValueConverter.ConvertBack(object? value, Type targetType, object? parameter, CultureInfo culture)' ├╝yesiyle e┼ƒle┼ƒmiyor (muhtemelen null atanabilirlik ├╢znitelikleri nedeniyle). [C:\Users\Ceyda\.gemini\antigravity\scratch\SrcSinavUygulamasi\SrcSinavUygulamasi.csproj::TargetFramework=net8.0-android]
C:\Users\Ceyda\.gemini\antigravity\scratch\SrcSinavUygulamasi\Converters\InvertBoolConverter.cs(12,23): warning CS8767: 'parameter' parametresinin 'object InvertBoolConverter.ConvertBack(object value, Type targetType, object parameter, CultureInfo culture)' t├╝r├╝ndeki ba┼ƒvuru t├╝rlerinin null atanabilirli─ƒi ├╢rt├╝k olarak uygulanan 'object? IValueConverter.ConvertBack(object? value, Type targetType, object? parameter, CultureInfo culture)' ├╝yesiyle e┼ƒle┼ƒmiyor (muhtemelen null atanabilirlik ├╢znitelikleri nedeniyle). [C:\Users\Ceyda\.gemini\antigravity\scratch\SrcSinavUygulamasi\SrcSinavUygulamasi.csproj::TargetFramework=net8.0-android]
C:\Users\Ceyda\.gemini\antigravity\scratch\SrcSinavUygulamasi\Services\ExamProgressService.cs(356,29): error CS0111: 'ExamProgressService' t├╝r├╝ ayn─▒ parametre t├╝rleriyle 'BuildMiniExamQuestionIds' adl─▒ bir ├╝yeyi zaten tan─▒ml─▒yor [C:\Users\Ceyda\.gemini\antigravity\scratch\SrcSinavUygulamasi\SrcSinavUygulamasi.csproj::TargetFramework=net8.0-android]
C:\Users\Ceyda\.gemini\antigravity\scratch\SrcSinavUygulamasi\Converters\FearLogicConverters.cs(11,23): warning CS8767: 'value' parametresinin 'object CriticalStateColorConverter.Convert(object value, Type targetType, object parameter, CultureInfo culture)' t├╝r├╝ndeki ba┼ƒvuru t├╝rlerinin null atanabilirli─ƒi ├╢rt├╝k olarak uygulanan 'object? IValueConverter.Convert(object? value, Type targetType, object? parameter, CultureInfo culture)' ├╝yesiyle e┼ƒle┼ƒmiyor (muhtemelen null atanabilirlik ├╢znitelikleri nedeniyle). [C:\Users\Ceyda\.gemini\antigravity\scratch\SrcSinavUygulamasi\SrcSinavUygulamasi.csproj::TargetFramework=net8.0-windows10.0.19041.0]
C:\Users\Ceyda\.gemini\antigravity\scratch\SrcSinavUygulamasi\Converters\FearLogicConverters.cs(11,23): warning CS8767: 'parameter' parametresinin 'object CriticalStateColorConverter.Convert(object value, Type targetType, object parameter, CultureInfo culture)' t├╝r├╝ndeki ba┼ƒvuru t├╝rlerinin null atanabilirli─ƒi ├╢rt├╝k olarak uygulanan 'object? IValueConverter.Convert(object? value, Type targetType, object? parameter, CultureInfo culture)' ├╝yesiyle e┼ƒle┼ƒmiyor (muhtemelen null atanabilirlik ├╢znitelikleri nedeniyle). [C:\Users\Ceyda\.gemini\antigravity\scratch\SrcSinavUygulamasi\SrcSinavUygulamasi.csproj::TargetFramework=net8.0-windows10.0.19041.0]
C:\Users\Ceyda\.gemini\antigravity\scratch\SrcSinavUygulamasi\Converters\FearLogicConverters.cs(36,23): warning CS8767: 'value' parametresinin 'object CriticalStateColorConverter.ConvertBack(object value, Type targetType, object parameter, CultureInfo culture)' t├╝r├╝ndeki ba┼ƒvuru t├╝rlerinin null atanabilirli─ƒi ├╢rt├╝k olarak uygulanan 'object? IValueConverter.ConvertBack(object? value, Type targetType, object? parameter, CultureInfo culture)' ├╝yesiyle e┼ƒle┼ƒmiyor (muhtemelen null atanabilirlik ├╢znitelikleri nedeniyle). [C:\Users\Ceyda\.gemini\antigravity\scratch\SrcSinavUygulamasi\SrcSinavUygulamasi.csproj::TargetFramework=net8.0-windows10.0.19041.0]
C:\Users\Ceyda\.gemini\antigravity\scratch\SrcSinavUygulamasi\Converters\FearLogicConverters.cs(36,23): warning CS8767: 'parameter' parametresinin 'object CriticalStateColorConverter.ConvertBack(object value, Type targetType, object parameter, CultureInfo culture)' t├╝r├╝ndeki ba┼ƒvuru t├╝rlerinin null atanabilirli─ƒi ├╢rt├╝k olarak uygulanan 'object? IValueConverter.ConvertBack(object? value, Type targetType, object? parameter, CultureInfo culture)' ├╝yesiyle e┼ƒle┼ƒmiyor (muhtemelen null atanabilirlik ├╢znitelikleri nedeniyle). [C:\Users\Ceyda\.gemini\antigravity\scratch\SrcSinavUygulamasi\SrcSinavUygulamasi.csproj::TargetFramework=net8.0-windows10.0.19041.0]
C:\Users\Ceyda\.gemini\antigravity\scratch\SrcSinavUygulamasi\Converters\FearLogicConverters.cs(47,23): warning CS8767: 'value' parametresinin 'object PercentageToColorConverter.Convert(object value, Type targetType, object parameter, CultureInfo culture)' t├╝r├╝ndeki ba┼ƒvuru t├╝rlerinin null atanabilirli─ƒi ├╢rt├╝k olarak uygulanan 'object? IValueConverter.Convert(object? value, Type targetType, object? parameter, CultureInfo culture)' ├╝yesiyle e┼ƒle┼ƒmiyor (muhtemelen null atanabilirlik ├╢znitelikleri nedeniyle). [C:\Users\Ceyda\.gemini\antigravity\scratch\SrcSinavUygulamasi\SrcSinavUygulamasi.csproj::TargetFramework=net8.0-windows10.0.19041.0]
C:\Users\Ceyda\.gemini\antigravity\scratch\SrcSinavUygulamasi\Converters\FearLogicConverters.cs(47,23): warning CS8767: 'parameter' parametresinin 'object PercentageToColorConverter.Convert(object value, Type targetType, object parameter, CultureInfo culture)' t├╝r├╝ndeki ba┼ƒvuru t├╝rlerinin null atanabilirli─ƒi ├╢rt├╝k olarak uygulanan 'object? IValueConverter.Convert(object? value, Type targetType, object? parameter, CultureInfo culture)' ├╝yesiyle e┼ƒle┼ƒmiyor (muhtemelen null atanabilirlik ├╢znitelikleri nedeniyle). [C:\Users\Ceyda\.gemini\antigravity\scratch\SrcSinavUygulamasi\SrcSinavUygulamasi.csproj::TargetFramework=net8.0-windows10.0.19041.0]
C:\Users\Ceyda\.gemini\antigravity\scratch\SrcSinavUygulamasi\Converters\FearLogicConverters.cs(59,23): warning CS8767: 'value' parametresinin 'object PercentageToColorConverter.ConvertBack(object value, Type targetType, object parameter, CultureInfo culture)' t├╝r├╝ndeki ba┼ƒvuru t├╝rlerinin null atanabilirli─ƒi ├╢rt├╝k olarak uygulanan 'object? IValueConverter.ConvertBack(object? value, Type targetType, object? parameter, CultureInfo culture)' ├╝yesiyle e┼ƒle┼ƒmiyor (muhtemelen null atanabilirlik ├╢znitelikleri nedeniyle). [C:\Users\Ceyda\.gemini\antigravity\scratch\SrcSinavUygulamasi\SrcSinavUygulamasi.csproj::TargetFramework=net8.0-windows10.0.19041.0]
C:\Users\Ceyda\.gemini\antigravity\scratch\SrcSinavUygulamasi\Converters\FearLogicConverters.cs(59,23): warning CS8767: 'parameter' parametresinin 'object PercentageToColorConverter.ConvertBack(object value, Type targetType, object parameter, CultureInfo culture)' t├╝r├╝ndeki ba┼ƒvuru t├╝rlerinin null atanabilirli─ƒi ├╢rt├╝k olarak uygulanan 'object? IValueConverter.ConvertBack(object? value, Type targetType, object? parameter, CultureInfo culture)' ├╝yesiyle e┼ƒle┼ƒmiyor (muhtemelen null atanabilirlik ├╢znitelikleri nedeniyle). [C:\Users\Ceyda\.gemini\antigravity\scratch\SrcSinavUygulamasi\SrcSinavUygulamasi.csproj::TargetFramework=net8.0-windows10.0.19041.0]
C:\Users\Ceyda\.gemini\antigravity\scratch\SrcSinavUygulamasi\Converters\FearLogicConverters.cs(70,23): warning CS8767: 'value' parametresinin 'object StringToColorConverter.Convert(object value, Type targetType, object parameter, CultureInfo culture)' t├╝r├╝ndeki ba┼ƒvuru t├╝rlerinin null atanabilirli─ƒi ├╢rt├╝k olarak uygulanan 'object? IValueConverter.Convert(object? value, Type targetType, object? parameter, CultureInfo culture)' ├╝yesiyle e┼ƒle┼ƒmiyor (muhtemelen null atanabilirlik ├╢znitelikleri nedeniyle). [C:\Users\Ceyda\.gemini\antigravity\scratch\SrcSinavUygulamasi\SrcSinavUygulamasi.csproj::TargetFramework=net8.0-windows10.0.19041.0]
C:\Users\Ceyda\.gemini\antigravity\scratch\SrcSinavUygulamasi\Converters\FearLogicConverters.cs(70,23): warning CS8767: 'parameter' parametresinin 'object StringToColorConverter.Convert(object value, Type targetType, object parameter, CultureInfo culture)' t├╝r├╝ndeki ba┼ƒvuru t├╝rlerinin null atanabilirli─ƒi ├╢rt├╝k olarak uygulanan 'object? IValueConverter.Convert(object? value, Type targetType, object? parameter, CultureInfo culture)' ├╝yesiyle e┼ƒle┼ƒmiyor (muhtemelen null atanabilirlik ├╢znitelikleri nedeniyle). [C:\Users\Ceyda\.gemini\antigravity\scratch\SrcSinavUygulamasi\SrcSinavUygulamasi.csproj::TargetFramework=net8.0-windows10.0.19041.0]
C:\Users\Ceyda\.gemini\antigravity\scratch\SrcSinavUygulamasi\Converters\FearLogicConverters.cs(86,23): warning CS8767: 'value' parametresinin 'object StringToColorConverter.ConvertBack(object value, Type targetType, object parameter, CultureInfo culture)' t├╝r├╝ndeki ba┼ƒvuru t├╝rlerinin null atanabilirli─ƒi ├╢rt├╝k olarak uygulanan 'object? IValueConverter.ConvertBack(object? value, Type targetType, object? parameter, CultureInfo culture)' ├╝yesiyle e┼ƒle┼ƒmiyor (muhtemelen null atanabilirlik ├╢znitelikleri nedeniyle). [C:\Users\Ceyda\.gemini\antigravity\scratch\SrcSinavUygulamasi\SrcSinavUygulamasi.csproj::TargetFramework=net8.0-windows10.0.19041.0]
C:\Users\Ceyda\.gemini\antigravity\scratch\SrcSinavUygulamasi\Converters\FearLogicConverters.cs(86,23): warning CS8767: 'parameter' parametresinin 'object StringToColorConverter.ConvertBack(object value, Type targetType, object parameter, CultureInfo culture)' t├╝r├╝ndeki ba┼ƒvuru t├╝rlerinin null atanabilirli─ƒi ├╢rt├╝k olarak uygulanan 'object? IValueConverter.ConvertBack(object? value, Type targetType, object? parameter, CultureInfo culture)' ├╝yesiyle e┼ƒle┼ƒmiyor (muhtemelen null atanabilirlik ├╢znitelikleri nedeniyle). [C:\Users\Ceyda\.gemini\antigravity\scratch\SrcSinavUygulamasi\SrcSinavUygulamasi.csproj::TargetFramework=net8.0-windows10.0.19041.0]
C:\Users\Ceyda\.gemini\antigravity\scratch\SrcSinavUygulamasi\Converters\IndexToColorConverter.cs(8,23): warning CS8767: 'value' parametresinin 'object IndexToColorConverter.Convert(object value, Type targetType, object parameter, CultureInfo culture)' t├╝r├╝ndeki ba┼ƒvuru t├╝rlerinin null atanabilirli─ƒi ├╢rt├╝k olarak uygulanan 'object? IValueConverter.Convert(object? value, Type targetType, object? parameter, CultureInfo culture)' ├╝yesiyle e┼ƒle┼ƒmiyor (muhtemelen null atanabilirlik ├╢znitelikleri nedeniyle). [C:\Users\Ceyda\.gemini\antigravity\scratch\SrcSinavUygulamasi\SrcSinavUygulamasi.csproj::TargetFramework=net8.0-windows10.0.19041.0]
C:\Users\Ceyda\.gemini\antigravity\scratch\SrcSinavUygulamasi\Converters\IndexToColorConverter.cs(8,23): warning CS8767: 'parameter' parametresinin 'object IndexToColorConverter.Convert(object value, Type targetType, object parameter, CultureInfo culture)' t├╝r├╝ndeki ba┼ƒvuru t├╝rlerinin null atanabilirli─ƒi ├╢rt├╝k olarak uygulanan 'object? IValueConverter.Convert(object? value, Type targetType, object? parameter, CultureInfo culture)' ├╝yesiyle e┼ƒle┼ƒmiyor (muhtemelen null atanabilirlik ├╢znitelikleri nedeniyle). [C:\Users\Ceyda\.gemini\antigravity\scratch\SrcSinavUygulamasi\SrcSinavUygulamasi.csproj::TargetFramework=net8.0-windows10.0.19041.0]
C:\Users\Ceyda\.gemini\antigravity\scratch\SrcSinavUygulamasi\Converters\IndexToColorConverter.cs(15,23): warning CS8767: 'value' parametresinin 'object IndexToColorConverter.ConvertBack(object value, Type targetType, object parameter, CultureInfo culture)' t├╝r├╝ndeki ba┼ƒvuru t├╝rlerinin null atanabilirli─ƒi ├╢rt├╝k olarak uygulanan 'object? IValueConverter.ConvertBack(object? value, Type targetType, object? parameter, CultureInfo culture)' ├╝yesiyle e┼ƒle┼ƒmiyor (muhtemelen null atanabilirlik ├╢znitelikleri nedeniyle). [C:\Users\Ceyda\.gemini\antigravity\scratch\SrcSinavUygulamasi\SrcSinavUygulamasi.csproj::TargetFramework=net8.0-windows10.0.19041.0]
C:\Users\Ceyda\.gemini\antigravity\scratch\SrcSinavUygulamasi\Converters\IndexToColorConverter.cs(15,23): warning CS8767: 'parameter' parametresinin 'object IndexToColorConverter.ConvertBack(object value, Type targetType, object parameter, CultureInfo culture)' t├╝r├╝ndeki ba┼ƒvuru t├╝rlerinin null atanabilirli─ƒi ├╢rt├╝k olarak uygulanan 'object? IValueConverter.ConvertBack(object? value, Type targetType, object? parameter, CultureInfo culture)' ├╝yesiyle e┼ƒle┼ƒmiyor (muhtemelen null atanabilirlik ├╢znitelikleri nedeniyle). [C:\Users\Ceyda\.gemini\antigravity\scratch\SrcSinavUygulamasi\SrcSinavUygulamasi.csproj::TargetFramework=net8.0-windows10.0.19041.0]
C:\Users\Ceyda\.gemini\antigravity\scratch\SrcSinavUygulamasi\Converters\InvertBoolConverter.cs(5,23): warning CS8767: 'value' parametresinin 'object InvertBoolConverter.Convert(object value, Type targetType, object parameter, CultureInfo culture)' t├╝r├╝ndeki ba┼ƒvuru t├╝rlerinin null atanabilirli─ƒi ├╢rt├╝k olarak uygulanan 'object? IValueConverter.Convert(object? value, Type targetType, object? parameter, CultureInfo culture)' ├╝yesiyle e┼ƒle┼ƒmiyor (muhtemelen null atanabilirlik ├╢znitelikleri nedeniyle). [C:\Users\Ceyda\.gemini\antigravity\scratch\SrcSinavUygulamasi\SrcSinavUygulamasi.csproj::TargetFramework=net8.0-windows10.0.19041.0]
C:\Users\Ceyda\.gemini\antigravity\scratch\SrcSinavUygulamasi\Converters\InvertBoolConverter.cs(5,23): warning CS8767: 'parameter' parametresinin 'object InvertBoolConverter.Convert(object value, Type targetType, object parameter, CultureInfo culture)' t├╝r├╝ndeki ba┼ƒvuru t├╝rlerinin null atanabilirli─ƒi ├╢rt├╝k olarak uygulanan 'object? IValueConverter.Convert(object? value, Type targetType, object? parameter, CultureInfo culture)' ├╝yesiyle e┼ƒle┼ƒmiyor (muhtemelen null atanabilirlik ├╢znitelikleri nedeniyle). [C:\Users\Ceyda\.gemini\antigravity\scratch\SrcSinavUygulamasi\SrcSinavUygulamasi.csproj::TargetFramework=net8.0-windows10.0.19041.0]
C:\Users\Ceyda\.gemini\antigravity\scratch\SrcSinavUygulamasi\Converters\InvertBoolConverter.cs(12,23): warning CS8767: 'value' parametresinin 'object InvertBoolConverter.ConvertBack(object value, Type targetType, object parameter, CultureInfo culture)' t├╝r├╝ndeki ba┼ƒvuru t├╝rlerinin null atanabilirli─ƒi ├╢rt├╝k olarak uygulanan 'object? IValueConverter.ConvertBack(object? value, Type targetType, object? parameter, CultureInfo culture)' ├╝yesiyle e┼ƒle┼ƒmiyor (muhtemelen null atanabilirlik ├╢znitelikleri nedeniyle). [C:\Users\Ceyda\.gemini\antigravity\scratch\SrcSinavUygulamasi\SrcSinavUygulamasi.csproj::TargetFramework=net8.0-windows10.0.19041.0]
C:\Users\Ceyda\.gemini\antigravity\scratch\SrcSinavUygulamasi\Converters\InvertBoolConverter.cs(12,23): warning CS8767: 'parameter' parametresinin 'object InvertBoolConverter.ConvertBack(object value, Type targetType, object parameter, CultureInfo culture)' t├╝r├╝ndeki ba┼ƒvuru t├╝rlerinin null atanabilirli─ƒi ├╢rt├╝k olarak uygulanan 'object? IValueConverter.ConvertBack(object? value, Type targetType, object? parameter, CultureInfo culture)' ├╝yesiyle e┼ƒle┼ƒmiyor (muhtemelen null atanabilirlik ├╢znitelikleri nedeniyle). [C:\Users\Ceyda\.gemini\antigravity\scratch\SrcSinavUygulamasi\SrcSinavUygulamasi.csproj::TargetFramework=net8.0-windows10.0.19041.0]
C:\Users\Ceyda\.gemini\antigravity\scratch\SrcSinavUygulamasi\Services\ExamProgressService.cs(356,29): error CS0111: 'ExamProgressService' t├╝r├╝ ayn─▒ parametre t├╝rleriyle 'BuildMiniExamQuestionIds' adl─▒ bir ├╝yeyi zaten tan─▒ml─▒yor [C:\Users\Ceyda\.gemini\antigravity\scratch\SrcSinavUygulamasi\SrcSinavUygulamasi.csproj::TargetFramework=net8.0-windows10.0.19041.0]

Olu┼ƒturma BA┼₧ARISIZ OLDU.

C:\Users\Ceyda\.gemini\antigravity\scratch\SrcSinavUygulamasi\Converters\FearLogicConverters.cs(11,23): warning CS8767: 'value' parametresinin 'object CriticalStateColorConverter.Convert(object value, Type targetType, object parameter, CultureInfo culture)' t├╝r├╝ndeki ba┼ƒvuru t├╝rlerinin null atanabilirli─ƒi ├╢rt├╝k olarak uygulanan 'object? IValueConverter.Convert(object? value, Type targetType, object? parameter, CultureInfo culture)' ├╝yesiyle e┼ƒle┼ƒmiyor (muhtemelen null atanabilirlik ├╢znitelikleri nedeniyle). [C:\Users\Ceyda\.gemini\antigravity\scratch\SrcSinavUygulamasi\SrcSinavUygulamasi.csproj::TargetFramework=net8.0-maccatalyst]
C:\Users\Ceyda\.gemini\antigravity\scratch\SrcSinavUygulamasi\Converters\FearLogicConverters.cs(11,23): warning CS8767: 'parameter' parametresinin 'object CriticalStateColorConverter.Convert(object value, Type targetType, object parameter, CultureInfo culture)' t├╝r├╝ndeki ba┼ƒvuru t├╝rlerinin null atanabilirli─ƒi ├╢rt├╝k olarak uygulanan 'object? IValueConverter.Convert(object? value, Type targetType, object? parameter, CultureInfo culture)' ├╝yesiyle e┼ƒle┼ƒmiyor (muhtemelen null atanabilirlik ├╢znitelikleri nedeniyle). [C:\Users\Ceyda\.gemini\antigravity\scratch\SrcSinavUygulamasi\SrcSinavUygulamasi.csproj::TargetFramework=net8.0-maccatalyst]
C:\Users\Ceyda\.gemini\antigravity\scratch\SrcSinavUygulamasi\Converters\FearLogicConverters.cs(36,23): warning CS8767: 'value' parametresinin 'object CriticalStateColorConverter.ConvertBack(object value, Type targetType, object parameter, CultureInfo culture)' t├╝r├╝ndeki ba┼ƒvuru t├╝rlerinin null atanabilirli─ƒi ├╢rt├╝k olarak uygulanan 'object? IValueConverter.ConvertBack(object? value, Type targetType, object? parameter, CultureInfo culture)' ├╝yesiyle e┼ƒle┼ƒmiyor (muhtemelen null atanabilirlik ├╢znitelikleri nedeniyle). [C:\Users\Ceyda\.gemini\antigravity\scratch\SrcSinavUygulamasi\SrcSinavUygulamasi.csproj::TargetFramework=net8.0-maccatalyst]
C:\Users\Ceyda\.gemini\antigravity\scratch\SrcSinavUygulamasi\Converters\FearLogicConverters.cs(36,23): warning CS8767: 'parameter' parametresinin 'object CriticalStateColorConverter.ConvertBack(object value, Type targetType, object parameter, CultureInfo culture)' t├╝r├╝ndeki ba┼ƒvuru t├╝rlerinin null atanabilirli─ƒi ├╢rt├╝k olarak uygulanan 'object? IValueConverter.ConvertBack(object? value, Type targetType, object? parameter, CultureInfo culture)' ├╝yesiyle e┼ƒle┼ƒmiyor (muhtemelen null atanabilirlik ├╢znitelikleri nedeniyle). [C:\Users\Ceyda\.gemini\antigravity\scratch\SrcSinavUygulamasi\SrcSinavUygulamasi.csproj::TargetFramework=net8.0-maccatalyst]
C:\Users\Ceyda\.gemini\antigravity\scratch\SrcSinavUygulamasi\Converters\FearLogicConverters.cs(47,23): warning CS8767: 'value' parametresinin 'object PercentageToColorConverter.Convert(object value, Type targetType, object parameter, CultureInfo culture)' t├╝r├╝ndeki ba┼ƒvuru t├╝rlerinin null atanabilirli─ƒi ├╢rt├╝k olarak uygulanan 'object? IValueConverter.Convert(object? value, Type targetType, object? parameter, CultureInfo culture)' ├╝yesiyle e┼ƒle┼ƒmiyor (muhtemelen null atanabilirlik ├╢znitelikleri nedeniyle). [C:\Users\Ceyda\.gemini\antigravity\scratch\SrcSinavUygulamasi\SrcSinavUygulamasi.csproj::TargetFramework=net8.0-maccatalyst]
C:\Users\Ceyda\.gemini\antigravity\scratch\SrcSinavUygulamasi\Converters\FearLogicConverters.cs(47,23): warning CS8767: 'parameter' parametresinin 'object PercentageToColorConverter.Convert(object value, Type targetType, object parameter, CultureInfo culture)' t├╝r├╝ndeki ba┼ƒvuru t├╝rlerinin null atanabilirli─ƒi ├╢rt├╝k olarak uygulanan 'object? IValueConverter.Convert(object? value, Type targetType, object? parameter, CultureInfo culture)' ├╝yesiyle e┼ƒle┼ƒmiyor (muhtemelen null atanabilirlik ├╢znitelikleri nedeniyle). [C:\Users\Ceyda\.gemini\antigravity\scratch\SrcSinavUygulamasi\SrcSinavUygulamasi.csproj::TargetFramework=net8.0-maccatalyst]
C:\Users\Ceyda\.gemini\antigravity\scratch\SrcSinavUygulamasi\Converters\FearLogicConverters.cs(59,23): warning CS8767: 'value' parametresinin 'object PercentageToColorConverter.ConvertBack(object value, Type targetType, object parameter, CultureInfo culture)' t├╝r├╝ndeki ba┼ƒvuru t├╝rlerinin null atanabilirli─ƒi ├╢rt├╝k olarak uygulanan 'object? IValueConverter.ConvertBack(object? value, Type targetType, object? parameter, CultureInfo culture)' ├╝yesiyle e┼ƒle┼ƒmiyor (muhtemelen null atanabilirlik ├╢znitelikleri nedeniyle). [C:\Users\Ceyda\.gemini\antigravity\scratch\SrcSinavUygulamasi\SrcSinavUygulamasi.csproj::TargetFramework=net8.0-maccatalyst]
C:\Users\Ceyda\.gemini\antigravity\scratch\SrcSinavUygulamasi\Converters\FearLogicConverters.cs(59,23): warning CS8767: 'parameter' parametresinin 'object PercentageToColorConverter.ConvertBack(object value, Type targetType, object parameter, CultureInfo culture)' t├╝r├╝ndeki ba┼ƒvuru t├╝rlerinin null atanabilirli─ƒi ├╢rt├╝k olarak uygulanan 'object? IValueConverter.ConvertBack(object? value, Type targetType, object? parameter, CultureInfo culture)' ├╝yesiyle e┼ƒle┼ƒmiyor (muhtemelen null atanabilirlik ├╢znitelikleri nedeniyle). [C:\Users\Ceyda\.gemini\antigravity\scratch\SrcSinavUygulamasi\SrcSinavUygulamasi.csproj::TargetFramework=net8.0-maccatalyst]
C:\Users\Ceyda\.gemini\antigravity\scratch\SrcSinavUygulamasi\Converters\FearLogicConverters.cs(70,23): warning CS8767: 'value' parametresinin 'object StringToColorConverter.Convert(object value, Type targetType, object parameter, CultureInfo culture)' t├╝r├╝ndeki ba┼ƒvuru t├╝rlerinin null atanabilirli─ƒi ├╢rt├╝k olarak uygulanan 'object? IValueConverter.Convert(object? value, Type targetType, object? parameter, CultureInfo culture)' ├╝yesiyle e┼ƒle┼ƒmiyor (muhtemelen null atanabilirlik ├╢znitelikleri nedeniyle). [C:\Users\Ceyda\.gemini\antigravity\scratch\SrcSinavUygulamasi\SrcSinavUygulamasi.csproj::TargetFramework=net8.0-maccatalyst]
C:\Users\Ceyda\.gemini\antigravity\scratch\SrcSinavUygulamasi\Converters\FearLogicConverters.cs(70,23): warning CS8767: 'parameter' parametresinin 'object StringToColorConverter.Convert(object value, Type targetType, object parameter, CultureInfo culture)' t├╝r├╝ndeki ba┼ƒvuru t├╝rlerinin null atanabilirli─ƒi ├╢rt├╝k olarak uygulanan 'object? IValueConverter.Convert(object? value, Type targetType, object? parameter, CultureInfo culture)' ├╝yesiyle e┼ƒle┼ƒmiyor (muhtemelen null atanabilirlik ├╢znitelikleri nedeniyle). [C:\Users\Ceyda\.gemini\antigravity\scratch\SrcSinavUygulamasi\SrcSinavUygulamasi.csproj::TargetFramework=net8.0-maccatalyst]
C:\Users\Ceyda\.gemini\antigravity\scratch\SrcSinavUygulamasi\Converters\FearLogicConverters.cs(86,23): warning CS8767: 'value' parametresinin 'object StringToColorConverter.ConvertBack(object value, Type targetType, object parameter, CultureInfo culture)' t├╝r├╝ndeki ba┼ƒvuru t├╝rlerinin null atanabilirli─ƒi ├╢rt├╝k olarak uygulanan 'object? IValueConverter.ConvertBack(object? value, Type targetType, object? parameter, CultureInfo culture)' ├╝yesiyle e┼ƒle┼ƒmiyor (muhtemelen null atanabilirlik ├╢znitelikleri nedeniyle). [C:\Users\Ceyda\.gemini\antigravity\scratch\SrcSinavUygulamasi\SrcSinavUygulamasi.csproj::TargetFramework=net8.0-maccatalyst]
C:\Users\Ceyda\.gemini\antigravity\scratch\SrcSinavUygulamasi\Converters\FearLogicConverters.cs(86,23): warning CS8767: 'parameter' parametresinin 'object StringToColorConverter.ConvertBack(object value, Type targetType, object parameter, CultureInfo culture)' t├╝r├╝ndeki ba┼ƒvuru t├╝rlerinin null atanabilirli─ƒi ├╢rt├╝k olarak uygulanan 'object? IValueConverter.ConvertBack(object? value, Type targetType, object? parameter, CultureInfo culture)' ├╝yesiyle e┼ƒle┼ƒmiyor (muhtemelen null atanabilirlik ├╢znitelikleri nedeniyle). [C:\Users\Ceyda\.gemini\antigravity\scratch\SrcSinavUygulamasi\SrcSinavUygulamasi.csproj::TargetFramework=net8.0-maccatalyst]
C:\Users\Ceyda\.gemini\antigravity\scratch\SrcSinavUygulamasi\Converters\IndexToColorConverter.cs(8,23): warning CS8767: 'value' parametresinin 'object IndexToColorConverter.Convert(object value, Type targetType, object parameter, CultureInfo culture)' t├╝r├╝ndeki ba┼ƒvuru t├╝rlerinin null atanabilirli─ƒi ├╢rt├╝k olarak uygulanan 'object? IValueConverter.Convert(object? value, Type targetType, object? parameter, CultureInfo culture)' ├╝yesiyle e┼ƒle┼ƒmiyor (muhtemelen null atanabilirlik ├╢znitelikleri nedeniyle). [C:\Users\Ceyda\.gemini\antigravity\scratch\SrcSinavUygulamasi\SrcSinavUygulamasi.csproj::TargetFramework=net8.0-maccatalyst]
C:\Users\Ceyda\.gemini\antigravity\scratch\SrcSinavUygulamasi\Converters\IndexToColorConverter.cs(8,23): warning CS8767: 'parameter' parametresinin 'object IndexToColorConverter.Convert(object value, Type targetType, object parameter, CultureInfo culture)' t├╝r├╝ndeki ba┼ƒvuru t├╝rlerinin null atanabilirli─ƒi ├╢rt├╝k olarak uygulanan 'object? IValueConverter.Convert(object? value, Type targetType, object? parameter, CultureInfo culture)' ├╝yesiyle e┼ƒle┼ƒmiyor (muhtemelen null atanabilirlik ├╢znitelikleri nedeniyle). [C:\Users\Ceyda\.gemini\antigravity\scratch\SrcSinavUygulamasi\SrcSinavUygulamasi.csproj::TargetFramework=net8.0-maccatalyst]
C:\Users\Ceyda\.gemini\antigravity\scratch\SrcSinavUygulamasi\Converters\IndexToColorConverter.cs(15,23): warning CS8767: 'value' parametresinin 'object IndexToColorConverter.ConvertBack(object value, Type targetType, object parameter, CultureInfo culture)' t├╝r├╝ndeki ba┼ƒvuru t├╝rlerinin null atanabilirli─ƒi ├╢rt├╝k olarak uygulanan 'object? IValueConverter.ConvertBack(object? value, Type targetType, object? parameter, CultureInfo culture)' ├╝yesiyle e┼ƒle┼ƒmiyor (muhtemelen null atanabilirlik ├╢znitelikleri nedeniyle). [C:\Users\Ceyda\.gemini\antigravity\scratch\SrcSinavUygulamasi\SrcSinavUygulamasi.csproj::TargetFramework=net8.0-maccatalyst]
C:\Users\Ceyda\.gemini\antigravity\scratch\SrcSinavUygulamasi\Converters\IndexToColorConverter.cs(15,23): warning CS8767: 'parameter' parametresinin 'object IndexToColorConverter.ConvertBack(object value, Type targetType, object parameter, CultureInfo culture)' t├╝r├╝ndeki ba┼ƒvuru t├╝rlerinin null atanabilirli─ƒi ├╢rt├╝k olarak uygulanan 'object? IValueConverter.ConvertBack(object? value, Type targetType, object? parameter, CultureInfo culture)' ├╝yesiyle e┼ƒle┼ƒmiyor (muhtemelen null atanabilirlik ├╢znitelikleri nedeniyle). [C:\Users\Ceyda\.gemini\antigravity\scratch\SrcSinavUygulamasi\SrcSinavUygulamasi.csproj::TargetFramework=net8.0-maccatalyst]
C:\Users\Ceyda\.gemini\antigravity\scratch\SrcSinavUygulamasi\Converters\InvertBoolConverter.cs(5,23): warning CS8767: 'value' parametresinin 'object InvertBoolConverter.Convert(object value, Type targetType, object parameter, CultureInfo culture)' t├╝r├╝ndeki ba┼ƒvuru t├╝rlerinin null atanabilirli─ƒi ├╢rt├╝k olarak uygulanan 'object? IValueConverter.Convert(object? value, Type targetType, object? parameter, CultureInfo culture)' ├╝yesiyle e┼ƒle┼ƒmiyor (muhtemelen null atanabilirlik ├╢znitelikleri nedeniyle). [C:\Users\Ceyda\.gemini\antigravity\scratch\SrcSinavUygulamasi\SrcSinavUygulamasi.csproj::TargetFramework=net8.0-maccatalyst]
C:\Users\Ceyda\.gemini\antigravity\scratch\SrcSinavUygulamasi\Converters\InvertBoolConverter.cs(5,23): warning CS8767: 'parameter' parametresinin 'object InvertBoolConverter.Convert(object value, Type targetType, object parameter, CultureInfo culture)' t├╝r├╝ndeki ba┼ƒvuru t├╝rlerinin null atanabilirli─ƒi ├╢rt├╝k olarak uygulanan 'object? IValueConverter.Convert(object? value, Type targetType, object? parameter, CultureInfo culture)' ├╝yesiyle e┼ƒle┼ƒmiyor (muhtemelen null atanabilirlik ├╢znitelikleri nedeniyle). [C:\Users\Ceyda\.gemini\antigravity\scratch\SrcSinavUygulamasi\SrcSinavUygulamasi.csproj::TargetFramework=net8.0-maccatalyst]
C:\Users\Ceyda\.gemini\antigravity\scratch\SrcSinavUygulamasi\Converters\InvertBoolConverter.cs(12,23): warning CS8767: 'value' parametresinin 'object InvertBoolConverter.ConvertBack(object value, Type targetType, object parameter, CultureInfo culture)' t├╝r├╝ndeki ba┼ƒvuru t├╝rlerinin null atanabilirli─ƒi ├╢rt├╝k olarak uygulanan 'object? IValueConverter.ConvertBack(object? value, Type targetType, object? parameter, CultureInfo culture)' ├╝yesiyle e┼ƒle┼ƒmiyor (muhtemelen null atanabilirlik ├╢znitelikleri nedeniyle). [C:\Users\Ceyda\.gemini\antigravity\scratch\SrcSinavUygulamasi\SrcSinavUygulamasi.csproj::TargetFramework=net8.0-maccatalyst]
C:\Users\Ceyda\.gemini\antigravity\scratch\SrcSinavUygulamasi\Converters\InvertBoolConverter.cs(12,23): warning CS8767: 'parameter' parametresinin 'object InvertBoolConverter.ConvertBack(object value, Type targetType, object parameter, CultureInfo culture)' t├╝r├╝ndeki ba┼ƒvuru t├╝rlerinin null atanabilirli─ƒi ├╢rt├╝k olarak uygulanan 'object? IValueConverter.ConvertBack(object? value, Type targetType, object? parameter, CultureInfo culture)' ├╝yesiyle e┼ƒle┼ƒmiyor (muhtemelen null atanabilirlik ├╢znitelikleri nedeniyle). [C:\Users\Ceyda\.gemini\antigravity\scratch\SrcSinavUygulamasi\SrcSinavUygulamasi.csproj::TargetFramework=net8.0-maccatalyst]
C:\Users\Ceyda\.gemini\antigravity\scratch\SrcSinavUygulamasi\Converters\FearLogicConverters.cs(11,23): warning CS8767: 'value' parametresinin 'object CriticalStateColorConverter.Convert(object value, Type targetType, object parameter, CultureInfo culture)' t├╝r├╝ndeki ba┼ƒvuru t├╝rlerinin null atanabilirli─ƒi ├╢rt├╝k olarak uygulanan 'object? IValueConverter.Convert(object? value, Type targetType, object? parameter, CultureInfo culture)' ├╝yesiyle e┼ƒle┼ƒmiyor (muhtemelen null atanabilirlik ├╢znitelikleri nedeniyle). [C:\Users\Ceyda\.gemini\antigravity\scratch\SrcSinavUygulamasi\SrcSinavUygulamasi.csproj::TargetFramework=net8.0-ios]
C:\Users\Ceyda\.gemini\antigravity\scratch\SrcSinavUygulamasi\Converters\FearLogicConverters.cs(11,23): warning CS8767: 'parameter' parametresinin 'object CriticalStateColorConverter.Convert(object value, Type targetType, object parameter, CultureInfo culture)' t├╝r├╝ndeki ba┼ƒvuru t├╝rlerinin null atanabilirli─ƒi ├╢rt├╝k olarak uygulanan 'object? IValueConverter.Convert(object? value, Type targetType, object? parameter, CultureInfo culture)' ├╝yesiyle e┼ƒle┼ƒmiyor (muhtemelen null atanabilirlik ├╢znitelikleri nedeniyle). [C:\Users\Ceyda\.gemini\antigravity\scratch\SrcSinavUygulamasi\SrcSinavUygulamasi.csproj::TargetFramework=net8.0-ios]
C:\Users\Ceyda\.gemini\antigravity\scratch\SrcSinavUygulamasi\Converters\FearLogicConverters.cs(36,23): warning CS8767: 'value' parametresinin 'object CriticalStateColorConverter.ConvertBack(object value, Type targetType, object parameter, CultureInfo culture)' t├╝r├╝ndeki ba┼ƒvuru t├╝rlerinin null atanabilirli─ƒi ├╢rt├╝k olarak uygulanan 'object? IValueConverter.ConvertBack(object? value, Type targetType, object? parameter, CultureInfo culture)' ├╝yesiyle e┼ƒle┼ƒmiyor (muhtemelen null atanabilirlik ├╢znitelikleri nedeniyle). [C:\Users\Ceyda\.gemini\antigravity\scratch\SrcSinavUygulamasi\SrcSinavUygulamasi.csproj::TargetFramework=net8.0-ios]
C:\Users\Ceyda\.gemini\antigravity\scratch\SrcSinavUygulamasi\Converters\FearLogicConverters.cs(36,23): warning CS8767: 'parameter' parametresinin 'object CriticalStateColorConverter.ConvertBack(object value, Type targetType, object parameter, CultureInfo culture)' t├╝r├╝ndeki ba┼ƒvuru t├╝rlerinin null atanabilirli─ƒi ├╢rt├╝k olarak uygulanan 'object? IValueConverter.ConvertBack(object? value, Type targetType, object? parameter, CultureInfo culture)' ├╝yesiyle e┼ƒle┼ƒmiyor (muhtemelen null atanabilirlik ├╢znitelikleri nedeniyle). [C:\Users\Ceyda\.gemini\antigravity\scratch\SrcSinavUygulamasi\SrcSinavUygulamasi.csproj::TargetFramework=net8.0-ios]
C:\Users\Ceyda\.gemini\antigravity\scratch\SrcSinavUygulamasi\Converters\FearLogicConverters.cs(47,23): warning CS8767: 'value' parametresinin 'object PercentageToColorConverter.Convert(object value, Type targetType, object parameter, CultureInfo culture)' t├╝r├╝ndeki ba┼ƒvuru t├╝rlerinin null atanabilirli─ƒi ├╢rt├╝k olarak uygulanan 'object? IValueConverter.Convert(object? value, Type targetType, object? parameter, CultureInfo culture)' ├╝yesiyle e┼ƒle┼ƒmiyor (muhtemelen null atanabilirlik ├╢znitelikleri nedeniyle). [C:\Users\Ceyda\.gemini\antigravity\scratch\SrcSinavUygulamasi\SrcSinavUygulamasi.csproj::TargetFramework=net8.0-ios]
C:\Users\Ceyda\.gemini\antigravity\scratch\SrcSinavUygulamasi\Converters\FearLogicConverters.cs(47,23): warning CS8767: 'parameter' parametresinin 'object PercentageToColorConverter.Convert(object value, Type targetType, object parameter, CultureInfo culture)' t├╝r├╝ndeki ba┼ƒvuru t├╝rlerinin null atanabilirli─ƒi ├╢rt├╝k olarak uygulanan 'object? IValueConverter.Convert(object? value, Type targetType, object? parameter, CultureInfo culture)' ├╝yesiyle e┼ƒle┼ƒmiyor (muhtemelen null atanabilirlik ├╢znitelikleri nedeniyle). [C:\Users\Ceyda\.gemini\antigravity\scratch\SrcSinavUygulamasi\SrcSinavUygulamasi.csproj::TargetFramework=net8.0-ios]
C:\Users\Ceyda\.gemini\antigravity\scratch\SrcSinavUygulamasi\Converters\FearLogicConverters.cs(59,23): warning CS8767: 'value' parametresinin 'object PercentageToColorConverter.ConvertBack(object value, Type targetType, object parameter, CultureInfo culture)' t├╝r├╝ndeki ba┼ƒvuru t├╝rlerinin null atanabilirli─ƒi ├╢rt├╝k olarak uygulanan 'object? IValueConverter.ConvertBack(object? value, Type targetType, object? parameter, CultureInfo culture)' ├╝yesiyle e┼ƒle┼ƒmiyor (muhtemelen null atanabilirlik ├╢znitelikleri nedeniyle). [C:\Users\Ceyda\.gemini\antigravity\scratch\SrcSinavUygulamasi\SrcSinavUygulamasi.csproj::TargetFramework=net8.0-ios]
C:\Users\Ceyda\.gemini\antigravity\scratch\SrcSinavUygulamasi\Converters\FearLogicConverters.cs(59,23): warning CS8767: 'parameter' parametresinin 'object PercentageToColorConverter.ConvertBack(object value, Type targetType, object parameter, CultureInfo culture)' t├╝r├╝ndeki ba┼ƒvuru t├╝rlerinin null atanabilirli─ƒi ├╢rt├╝k olarak uygulanan 'object? IValueConverter.ConvertBack(object? value, Type targetType, object? parameter, CultureInfo culture)' ├╝yesiyle e┼ƒle┼ƒmiyor (muhtemelen null atanabilirlik ├╢znitelikleri nedeniyle). [C:\Users\Ceyda\.gemini\antigravity\scratch\SrcSinavUygulamasi\SrcSinavUygulamasi.csproj::TargetFramework=net8.0-ios]
C:\Users\Ceyda\.gemini\antigravity\scratch\SrcSinavUygulamasi\Converters\FearLogicConverters.cs(70,23): warning CS8767: 'value' parametresinin 'object StringToColorConverter.Convert(object value, Type targetType, object parameter, CultureInfo culture)' t├╝r├╝ndeki ba┼ƒvuru t├╝rlerinin null atanabilirli─ƒi ├╢rt├╝k olarak uygulanan 'object? IValueConverter.Convert(object? value, Type targetType, object? parameter, CultureInfo culture)' ├╝yesiyle e┼ƒle┼ƒmiyor (muhtemelen null atanabilirlik ├╢znitelikleri nedeniyle). [C:\Users\Ceyda\.gemini\antigravity\scratch\SrcSinavUygulamasi\SrcSinavUygulamasi.csproj::TargetFramework=net8.0-ios]
C:\Users\Ceyda\.gemini\antigravity\scratch\SrcSinavUygulamasi\Converters\FearLogicConverters.cs(70,23): warning CS8767: 'parameter' parametresinin 'object StringToColorConverter.Convert(object value, Type targetType, object parameter, CultureInfo culture)' t├╝r├╝ndeki ba┼ƒvuru t├╝rlerinin null atanabilirli─ƒi ├╢rt├╝k olarak uygulanan 'object? IValueConverter.Convert(object? value, Type targetType, object? parameter, CultureInfo culture)' ├╝yesiyle e┼ƒle┼ƒmiyor (muhtemelen null atanabilirlik ├╢znitelikleri nedeniyle). [C:\Users\Ceyda\.gemini\antigravity\scratch\SrcSinavUygulamasi\SrcSinavUygulamasi.csproj::TargetFramework=net8.0-ios]
C:\Users\Ceyda\.gemini\antigravity\scratch\SrcSinavUygulamasi\Converters\FearLogicConverters.cs(86,23): warning CS8767: 'value' parametresinin 'object StringToColorConverter.ConvertBack(object value, Type targetType, object parameter, CultureInfo culture)' t├╝r├╝ndeki ba┼ƒvuru t├╝rlerinin null atanabilirli─ƒi ├╢rt├╝k olarak uygulanan 'object? IValueConverter.ConvertBack(object? value, Type targetType, object? parameter, CultureInfo culture)' ├╝yesiyle e┼ƒle┼ƒmiyor (muhtemelen null atanabilirlik ├╢znitelikleri nedeniyle). [C:\Users\Ceyda\.gemini\antigravity\scratch\SrcSinavUygulamasi\SrcSinavUygulamasi.csproj::TargetFramework=net8.0-ios]
C:\Users\Ceyda\.gemini\antigravity\scratch\SrcSinavUygulamasi\Converters\FearLogicConverters.cs(86,23): warning CS8767: 'parameter' parametresinin 'object StringToColorConverter.ConvertBack(object value, Type targetType, object parameter, CultureInfo culture)' t├╝r├╝ndeki ba┼ƒvuru t├╝rlerinin null atanabilirli─ƒi ├╢rt├╝k olarak uygulanan 'object? IValueConverter.ConvertBack(object? value, Type targetType, object? parameter, CultureInfo culture)' ├╝yesiyle e┼ƒle┼ƒmiyor (muhtemelen null atanabilirlik ├╢znitelikleri nedeniyle). [C:\Users\Ceyda\.gemini\antigravity\scratch\SrcSinavUygulamasi\SrcSinavUygulamasi.csproj::TargetFramework=net8.0-ios]
C:\Users\Ceyda\.gemini\antigravity\scratch\SrcSinavUygulamasi\Converters\IndexToColorConverter.cs(8,23): warning CS8767: 'value' parametresinin 'object IndexToColorConverter.Convert(object value, Type targetType, object parameter, CultureInfo culture)' t├╝r├╝ndeki ba┼ƒvuru t├╝rlerinin null atanabilirli─ƒi ├╢rt├╝k olarak uygulanan 'object? IValueConverter.Convert(object? value, Type targetType, object? parameter, CultureInfo culture)' ├╝yesiyle e┼ƒle┼ƒmiyor (muhtemelen null atanabilirlik ├╢znitelikleri nedeniyle). [C:\Users\Ceyda\.gemini\antigravity\scratch\SrcSinavUygulamasi\SrcSinavUygulamasi.csproj::TargetFramework=net8.0-ios]
C:\Users\Ceyda\.gemini\antigravity\scratch\SrcSinavUygulamasi\Converters\IndexToColorConverter.cs(8,23): warning CS8767: 'parameter' parametresinin 'object IndexToColorConverter.Convert(object value, Type targetType, object parameter, CultureInfo culture)' t├╝r├╝ndeki ba┼ƒvuru t├╝rlerinin null atanabilirli─ƒi ├╢rt├╝k olarak uygulanan 'object? IValueConverter.Convert(object? value, Type targetType, object? parameter, CultureInfo culture)' ├╝yesiyle e┼ƒle┼ƒmiyor (muhtemelen null atanabilirlik ├╢znitelikleri nedeniyle). [C:\Users\Ceyda\.gemini\antigravity\scratch\SrcSinavUygulamasi\SrcSinavUygulamasi.csproj::TargetFramework=net8.0-ios]
C:\Users\Ceyda\.gemini\antigravity\scratch\SrcSinavUygulamasi\Converters\IndexToColorConverter.cs(15,23): warning CS8767: 'value' parametresinin 'object IndexToColorConverter.ConvertBack(object value, Type targetType, object parameter, CultureInfo culture)' t├╝r├╝ndeki ba┼ƒvuru t├╝rlerinin null atanabilirli─ƒi ├╢rt├╝k olarak uygulanan 'object? IValueConverter.ConvertBack(object? value, Type targetType, object? parameter, CultureInfo culture)' ├╝yesiyle e┼ƒle┼ƒmiyor (muhtemelen null atanabilirlik ├╢znitelikleri nedeniyle). [C:\Users\Ceyda\.gemini\antigravity\scratch\SrcSinavUygulamasi\SrcSinavUygulamasi.csproj::TargetFramework=net8.0-ios]
C:\Users\Ceyda\.gemini\antigravity\scratch\SrcSinavUygulamasi\Converters\IndexToColorConverter.cs(15,23): warning CS8767: 'parameter' parametresinin 'object IndexToColorConverter.ConvertBack(object value, Type targetType, object parameter, CultureInfo culture)' t├╝r├╝ndeki ba┼ƒvuru t├╝rlerinin null atanabilirli─ƒi ├╢rt├╝k olarak uygulanan 'object? IValueConverter.ConvertBack(object? value, Type targetType, object? parameter, CultureInfo culture)' ├╝yesiyle e┼ƒle┼ƒmiyor (muhtemelen null atanabilirlik ├╢znitelikleri nedeniyle). [C:\Users\Ceyda\.gemini\antigravity\scratch\SrcSinavUygulamasi\SrcSinavUygulamasi.csproj::TargetFramework=net8.0-ios]
C:\Users\Ceyda\.gemini\antigravity\scratch\SrcSinavUygulamasi\Converters\InvertBoolConverter.cs(5,23): warning CS8767: 'value' parametresinin 'object InvertBoolConverter.Convert(object value, Type targetType, object parameter, CultureInfo culture)' t├╝r├╝ndeki ba┼ƒvuru t├╝rlerinin null atanabilirli─ƒi ├╢rt├╝k olarak uygulanan 'object? IValueConverter.Convert(object? value, Type targetType, object? parameter, CultureInfo culture)' ├╝yesiyle e┼ƒle┼ƒmiyor (muhtemelen null atanabilirlik ├╢znitelikleri nedeniyle). [C:\Users\Ceyda\.gemini\antigravity\scratch\SrcSinavUygulamasi\SrcSinavUygulamasi.csproj::TargetFramework=net8.0-ios]
C:\Users\Ceyda\.gemini\antigravity\scratch\SrcSinavUygulamasi\Converters\InvertBoolConverter.cs(5,23): warning CS8767: 'parameter' parametresinin 'object InvertBoolConverter.Convert(object value, Type targetType, object parameter, CultureInfo culture)' t├╝r├╝ndeki ba┼ƒvuru t├╝rlerinin null atanabilirli─ƒi ├╢rt├╝k olarak uygulanan 'object? IValueConverter.Convert(object? value, Type targetType, object? parameter, CultureInfo culture)' ├╝yesiyle e┼ƒle┼ƒmiyor (muhtemelen null atanabilirlik ├╢znitelikleri nedeniyle). [C:\Users\Ceyda\.gemini\antigravity\scratch\SrcSinavUygulamasi\SrcSinavUygulamasi.csproj::TargetFramework=net8.0-ios]
C:\Users\Ceyda\.gemini\antigravity\scratch\SrcSinavUygulamasi\Converters\InvertBoolConverter.cs(12,23): warning CS8767: 'value' parametresinin 'object InvertBoolConverter.ConvertBack(object value, Type targetType, object parameter, CultureInfo culture)' t├╝r├╝ndeki ba┼ƒvuru t├╝rlerinin null atanabilirli─ƒi ├╢rt├╝k olarak uygulanan 'object? IValueConverter.ConvertBack(object? value, Type targetType, object? parameter, CultureInfo culture)' ├╝yesiyle e┼ƒle┼ƒmiyor (muhtemelen null atanabilirlik ├╢znitelikleri nedeniyle). [C:\Users\Ceyda\.gemini\antigravity\scratch\SrcSinavUygulamasi\SrcSinavUygulamasi.csproj::TargetFramework=net8.0-ios]
C:\Users\Ceyda\.gemini\antigravity\scratch\SrcSinavUygulamasi\Converters\InvertBoolConverter.cs(12,23): warning CS8767: 'parameter' parametresinin 'object InvertBoolConverter.ConvertBack(object value, Type targetType, object parameter, CultureInfo culture)' t├╝r├╝ndeki ba┼ƒvuru t├╝rlerinin null atanabilirli─ƒi ├╢rt├╝k olarak uygulanan 'object? IValueConverter.ConvertBack(object? value, Type targetType, object? parameter, CultureInfo culture)' ├╝yesiyle e┼ƒle┼ƒmiyor (muhtemelen null atanabilirlik ├╢znitelikleri nedeniyle). [C:\Users\Ceyda\.gemini\antigravity\scratch\SrcSinavUygulamasi\SrcSinavUygulamasi.csproj::TargetFramework=net8.0-ios]
C:\Users\Ceyda\.gemini\antigravity\scratch\SrcSinavUygulamasi\Models\SubjectScoreModel.cs(23,22): warning CS1570: XML yorumu k├╢t├╝ bi├ºimli XML'e sahip -- 'Bir tan─▒mlay─▒c─▒ beklendi.' [C:\Users\Ceyda\.gemini\antigravity\scratch\SrcSinavUygulamasi\SrcSinavUygulamasi.csproj::TargetFramework=net8.0-android]
C:\Users\Ceyda\.gemini\antigravity\scratch\SrcSinavUygulamasi\Models\SubjectScoreModel.cs(23,22): warning CS1570: XML yorumu k├╢t├╝ bi├ºimli XML'e sahip -- '5' [C:\Users\Ceyda\.gemini\antigravity\scratch\SrcSinavUygulamasi\SrcSinavUygulamasi.csproj::TargetFramework=net8.0-android]
C:\Users\Ceyda\.gemini\antigravity\scratch\SrcSinavUygulamasi\Models\SubjectScoreModel.cs(24,15): warning CS1570: XML yorumu k├╢t├╝ bi├ºimli XML'e sahip -- ''summary' biti┼ƒ etiketi '' ba┼ƒlang─▒├º etiketi ile e┼ƒle┼ƒmiyor.' [C:\Users\Ceyda\.gemini\antigravity\scratch\SrcSinavUygulamasi\SrcSinavUygulamasi.csproj::TargetFramework=net8.0-android]
C:\Users\Ceyda\.gemini\antigravity\scratch\SrcSinavUygulamasi\Models\SubjectScoreModel.cs(25,1): warning CS1570: XML yorumu k├╢t├╝ bi├ºimli XML'e sahip -- ''summary' ├╢─ƒesi i├ºin bir biti┼ƒ etiketi bekleniyor.' [C:\Users\Ceyda\.gemini\antigravity\scratch\SrcSinavUygulamasi\SrcSinavUygulamasi.csproj::TargetFramework=net8.0-android]
C:\Users\Ceyda\.gemini\antigravity\scratch\SrcSinavUygulamasi\Views\ResultPage.xaml.cs(12,11): warning CS1570: XML yorumu k├╢t├╝ bi├ºimli XML'e sahip -- 'Bir tan─▒mlay─▒c─▒ beklendi.' [C:\Users\Ceyda\.gemini\antigravity\scratch\SrcSinavUygulamasi\SrcSinavUygulamasi.csproj::TargetFramework=net8.0-android]
C:\Users\Ceyda\.gemini\antigravity\scratch\SrcSinavUygulamasi\Views\ResultPage.xaml.cs(12,11): warning CS1570: XML yorumu k├╢t├╝ bi├ºimli XML'e sahip -- '7' [C:\Users\Ceyda\.gemini\antigravity\scratch\SrcSinavUygulamasi\SrcSinavUygulamasi.csproj::TargetFramework=net8.0-android]
C:\Users\Ceyda\.gemini\antigravity\scratch\SrcSinavUygulamasi\Views\ResultPage.xaml.cs(12,38): warning CS1570: XML yorumu k├╢t├╝ bi├ºimli XML'e sahip -- 'Bir tan─▒mlay─▒c─▒ beklendi.' [C:\Users\Ceyda\.gemini\antigravity\scratch\SrcSinavUygulamasi\SrcSinavUygulamasi.csproj::TargetFramework=net8.0-android]
C:\Users\Ceyda\.gemini\antigravity\scratch\SrcSinavUygulamasi\Views\ResultPage.xaml.cs(12,38): warning CS1570: XML yorumu k├╢t├╝ bi├ºimli XML'e sahip -- '8' [C:\Users\Ceyda\.gemini\antigravity\scratch\SrcSinavUygulamasi\SrcSinavUygulamasi.csproj::TargetFramework=net8.0-android]
C:\Users\Ceyda\.gemini\antigravity\scratch\SrcSinavUygulamasi\Views\ResultPage.xaml.cs(16,7): warning CS1570: XML yorumu k├╢t├╝ bi├ºimli XML'e sahip -- ''summary' biti┼ƒ etiketi '' ba┼ƒlang─▒├º etiketi ile e┼ƒle┼ƒmiyor.' [C:\Users\Ceyda\.gemini\antigravity\scratch\SrcSinavUygulamasi\SrcSinavUygulamasi.csproj::TargetFramework=net8.0-android]
C:\Users\Ceyda\.gemini\antigravity\scratch\SrcSinavUygulamasi\Views\ResultPage.xaml.cs(17,1): warning CS1570: XML yorumu k├╢t├╝ bi├ºimli XML'e sahip -- ''summary' ├╢─ƒesi i├ºin bir biti┼ƒ etiketi bekleniyor.' [C:\Users\Ceyda\.gemini\antigravity\scratch\SrcSinavUygulamasi\SrcSinavUygulamasi.csproj::TargetFramework=net8.0-android]
C:\Users\Ceyda\.gemini\antigravity\scratch\SrcSinavUygulamasi\Converters\FearLogicConverters.cs(11,23): warning CS8767: 'value' parametresinin 'object CriticalStateColorConverter.Convert(object value, Type targetType, object parameter, CultureInfo culture)' t├╝r├╝ndeki ba┼ƒvuru t├╝rlerinin null atanabilirli─ƒi ├╢rt├╝k olarak uygulanan 'object? IValueConverter.Convert(object? value, Type targetType, object? parameter, CultureInfo culture)' ├╝yesiyle e┼ƒle┼ƒmiyor (muhtemelen null atanabilirlik ├╢znitelikleri nedeniyle). [C:\Users\Ceyda\.gemini\antigravity\scratch\SrcSinavUygulamasi\SrcSinavUygulamasi.csproj::TargetFramework=net8.0-android]
C:\Users\Ceyda\.gemini\antigravity\scratch\SrcSinavUygulamasi\Converters\FearLogicConverters.cs(11,23): warning CS8767: 'parameter' parametresinin 'object CriticalStateColorConverter.Convert(object value, Type targetType, object parameter, CultureInfo culture)' t├╝r├╝ndeki ba┼ƒvuru t├╝rlerinin null atanabilirli─ƒi ├╢rt├╝k olarak uygulanan 'object? IValueConverter.Convert(object? value, Type targetType, object? parameter, CultureInfo culture)' ├╝yesiyle e┼ƒle┼ƒmiyor (muhtemelen null atanabilirlik ├╢znitelikleri nedeniyle). [C:\Users\Ceyda\.gemini\antigravity\scratch\SrcSinavUygulamasi\SrcSinavUygulamasi.csproj::TargetFramework=net8.0-android]
C:\Users\Ceyda\.gemini\antigravity\scratch\SrcSinavUygulamasi\Converters\FearLogicConverters.cs(36,23): warning CS8767: 'value' parametresinin 'object CriticalStateColorConverter.ConvertBack(object value, Type targetType, object parameter, CultureInfo culture)' t├╝r├╝ndeki ba┼ƒvuru t├╝rlerinin null atanabilirli─ƒi ├╢rt├╝k olarak uygulanan 'object? IValueConverter.ConvertBack(object? value, Type targetType, object? parameter, CultureInfo culture)' ├╝yesiyle e┼ƒle┼ƒmiyor (muhtemelen null atanabilirlik ├╢znitelikleri nedeniyle). [C:\Users\Ceyda\.gemini\antigravity\scratch\SrcSinavUygulamasi\SrcSinavUygulamasi.csproj::TargetFramework=net8.0-android]
C:\Users\Ceyda\.gemini\antigravity\scratch\SrcSinavUygulamasi\Converters\FearLogicConverters.cs(36,23): warning CS8767: 'parameter' parametresinin 'object CriticalStateColorConverter.ConvertBack(object value, Type targetType, object parameter, CultureInfo culture)' t├╝r├╝ndeki ba┼ƒvuru t├╝rlerinin null atanabilirli─ƒi ├╢rt├╝k olarak uygulanan 'object? IValueConverter.ConvertBack(object? value, Type targetType, object? parameter, CultureInfo culture)' ├╝yesiyle e┼ƒle┼ƒmiyor (muhtemelen null atanabilirlik ├╢znitelikleri nedeniyle). [C:\Users\Ceyda\.gemini\antigravity\scratch\SrcSinavUygulamasi\SrcSinavUygulamasi.csproj::TargetFramework=net8.0-android]
C:\Users\Ceyda\.gemini\antigravity\scratch\SrcSinavUygulamasi\Converters\FearLogicConverters.cs(47,23): warning CS8767: 'value' parametresinin 'object PercentageToColorConverter.Convert(object value, Type targetType, object parameter, CultureInfo culture)' t├╝r├╝ndeki ba┼ƒvuru t├╝rlerinin null atanabilirli─ƒi ├╢rt├╝k olarak uygulanan 'object? IValueConverter.Convert(object? value, Type targetType, object? parameter, CultureInfo culture)' ├╝yesiyle e┼ƒle┼ƒmiyor (muhtemelen null atanabilirlik ├╢znitelikleri nedeniyle). [C:\Users\Ceyda\.gemini\antigravity\scratch\SrcSinavUygulamasi\SrcSinavUygulamasi.csproj::TargetFramework=net8.0-android]
C:\Users\Ceyda\.gemini\antigravity\scratch\SrcSinavUygulamasi\Converters\FearLogicConverters.cs(47,23): warning CS8767: 'parameter' parametresinin 'object PercentageToColorConverter.Convert(object value, Type targetType, object parameter, CultureInfo culture)' t├╝r├╝ndeki ba┼ƒvuru t├╝rlerinin null atanabilirli─ƒi ├╢rt├╝k olarak uygulanan 'object? IValueConverter.Convert(object? value, Type targetType, object? parameter, CultureInfo culture)' ├╝yesiyle e┼ƒle┼ƒmiyor (muhtemelen null atanabilirlik ├╢znitelikleri nedeniyle). [C:\Users\Ceyda\.gemini\antigravity\scratch\SrcSinavUygulamasi\SrcSinavUygulamasi.csproj::TargetFramework=net8.0-android]
C:\Users\Ceyda\.gemini\antigravity\scratch\SrcSinavUygulamasi\Converters\FearLogicConverters.cs(59,23): warning CS8767: 'value' parametresinin 'object PercentageToColorConverter.ConvertBack(object value, Type targetType, object parameter, CultureInfo culture)' t├╝r├╝ndeki ba┼ƒvuru t├╝rlerinin null atanabilirli─ƒi ├╢rt├╝k olarak uygulanan 'object? IValueConverter.ConvertBack(object? value, Type targetType, object? parameter, CultureInfo culture)' ├╝yesiyle e┼ƒle┼ƒmiyor (muhtemelen null atanabilirlik ├╢znitelikleri nedeniyle). [C:\Users\Ceyda\.gemini\antigravity\scratch\SrcSinavUygulamasi\SrcSinavUygulamasi.csproj::TargetFramework=net8.0-android]
C:\Users\Ceyda\.gemini\antigravity\scratch\SrcSinavUygulamasi\Converters\FearLogicConverters.cs(59,23): warning CS8767: 'parameter' parametresinin 'object PercentageToColorConverter.ConvertBack(object value, Type targetType, object parameter, CultureInfo culture)' t├╝r├╝ndeki ba┼ƒvuru t├╝rlerinin null atanabilirli─ƒi ├╢rt├╝k olarak uygulanan 'object? IValueConverter.ConvertBack(object? value, Type targetType, object? parameter, CultureInfo culture)' ├╝yesiyle e┼ƒle┼ƒmiyor (muhtemelen null atanabilirlik ├╢znitelikleri nedeniyle). [C:\Users\Ceyda\.gemini\antigravity\scratch\SrcSinavUygulamasi\SrcSinavUygulamasi.csproj::TargetFramework=net8.0-android]
C:\Users\Ceyda\.gemini\antigravity\scratch\SrcSinavUygulamasi\Converters\FearLogicConverters.cs(70,23): warning CS8767: 'value' parametresinin 'object StringToColorConverter.Convert(object value, Type targetType, object parameter, CultureInfo culture)' t├╝r├╝ndeki ba┼ƒvuru t├╝rlerinin null atanabilirli─ƒi ├╢rt├╝k olarak uygulanan 'object? IValueConverter.Convert(object? value, Type targetType, object? parameter, CultureInfo culture)' ├╝yesiyle e┼ƒle┼ƒmiyor (muhtemelen null atanabilirlik ├╢znitelikleri nedeniyle). [C:\Users\Ceyda\.gemini\antigravity\scratch\SrcSinavUygulamasi\SrcSinavUygulamasi.csproj::TargetFramework=net8.0-android]
C:\Users\Ceyda\.gemini\antigravity\scratch\SrcSinavUygulamasi\Converters\FearLogicConverters.cs(70,23): warning CS8767: 'parameter' parametresinin 'object StringToColorConverter.Convert(object value, Type targetType, object parameter, CultureInfo culture)' t├╝r├╝ndeki ba┼ƒvuru t├╝rlerinin null atanabilirli─ƒi ├╢rt├╝k olarak uygulanan 'object? IValueConverter.Convert(object? value, Type targetType, object? parameter, CultureInfo culture)' ├╝yesiyle e┼ƒle┼ƒmiyor (muhtemelen null atanabilirlik ├╢znitelikleri nedeniyle). [C:\Users\Ceyda\.gemini\antigravity\scratch\SrcSinavUygulamasi\SrcSinavUygulamasi.csproj::TargetFramework=net8.0-android]
C:\Users\Ceyda\.gemini\antigravity\scratch\SrcSinavUygulamasi\Converters\FearLogicConverters.cs(86,23): warning CS8767: 'value' parametresinin 'object StringToColorConverter.ConvertBack(object value, Type targetType, object parameter, CultureInfo culture)' t├╝r├╝ndeki ba┼ƒvuru t├╝rlerinin null atanabilirli─ƒi ├╢rt├╝k olarak uygulanan 'object? IValueConverter.ConvertBack(object? value, Type targetType, object? parameter, CultureInfo culture)' ├╝yesiyle e┼ƒle┼ƒmiyor (muhtemelen null atanabilirlik ├╢znitelikleri nedeniyle). [C:\Users\Ceyda\.gemini\antigravity\scratch\SrcSinavUygulamasi\SrcSinavUygulamasi.csproj::TargetFramework=net8.0-android]
C:\Users\Ceyda\.gemini\antigravity\scratch\SrcSinavUygulamasi\Converters\FearLogicConverters.cs(86,23): warning CS8767: 'parameter' parametresinin 'object StringToColorConverter.ConvertBack(object value, Type targetType, object parameter, CultureInfo culture)' t├╝r├╝ndeki ba┼ƒvuru t├╝rlerinin null atanabilirli─ƒi ├╢rt├╝k olarak uygulanan 'object? IValueConverter.ConvertBack(object? value, Type targetType, object? parameter, CultureInfo culture)' ├╝yesiyle e┼ƒle┼ƒmiyor (muhtemelen null atanabilirlik ├╢znitelikleri nedeniyle). [C:\Users\Ceyda\.gemini\antigravity\scratch\SrcSinavUygulamasi\SrcSinavUygulamasi.csproj::TargetFramework=net8.0-android]
C:\Users\Ceyda\.gemini\antigravity\scratch\SrcSinavUygulamasi\Converters\IndexToColorConverter.cs(8,23): warning CS8767: 'value' parametresinin 'object IndexToColorConverter.Convert(object value, Type targetType, object parameter, CultureInfo culture)' t├╝r├╝ndeki ba┼ƒvuru t├╝rlerinin null atanabilirli─ƒi ├╢rt├╝k olarak uygulanan 'object? IValueConverter.Convert(object? value, Type targetType, object? parameter, CultureInfo culture)' ├╝yesiyle e┼ƒle┼ƒmiyor (muhtemelen null atanabilirlik ├╢znitelikleri nedeniyle). [C:\Users\Ceyda\.gemini\antigravity\scratch\SrcSinavUygulamasi\SrcSinavUygulamasi.csproj::TargetFramework=net8.0-android]
C:\Users\Ceyda\.gemini\antigravity\scratch\SrcSinavUygulamasi\Converters\IndexToColorConverter.cs(8,23): warning CS8767: 'parameter' parametresinin 'object IndexToColorConverter.Convert(object value, Type targetType, object parameter, CultureInfo culture)' t├╝r├╝ndeki ba┼ƒvuru t├╝rlerinin null atanabilirli─ƒi ├╢rt├╝k olarak uygulanan 'object? IValueConverter.Convert(object? value, Type targetType, object? parameter, CultureInfo culture)' ├╝yesiyle e┼ƒle┼ƒmiyor (muhtemelen null atanabilirlik ├╢znitelikleri nedeniyle). [C:\Users\Ceyda\.gemini\antigravity\scratch\SrcSinavUygulamasi\SrcSinavUygulamasi.csproj::TargetFramework=net8.0-android]
C:\Users\Ceyda\.gemini\antigravity\scratch\SrcSinavUygulamasi\Converters\IndexToColorConverter.cs(15,23): warning CS8767: 'value' parametresinin 'object IndexToColorConverter.ConvertBack(object value, Type targetType, object parameter, CultureInfo culture)' t├╝r├╝ndeki ba┼ƒvuru t├╝rlerinin null atanabilirli─ƒi ├╢rt├╝k olarak uygulanan 'object? IValueConverter.ConvertBack(object? value, Type targetType, object? parameter, CultureInfo culture)' ├╝yesiyle e┼ƒle┼ƒmiyor (muhtemelen null atanabilirlik ├╢znitelikleri nedeniyle). [C:\Users\Ceyda\.gemini\antigravity\scratch\SrcSinavUygulamasi\SrcSinavUygulamasi.csproj::TargetFramework=net8.0-android]
C:\Users\Ceyda\.gemini\antigravity\scratch\SrcSinavUygulamasi\Converters\IndexToColorConverter.cs(15,23): warning CS8767: 'parameter' parametresinin 'object IndexToColorConverter.ConvertBack(object value, Type targetType, object parameter, CultureInfo culture)' t├╝r├╝ndeki ba┼ƒvuru t├╝rlerinin null atanabilirli─ƒi ├╢rt├╝k olarak uygulanan 'object? IValueConverter.ConvertBack(object? value, Type targetType, object? parameter, CultureInfo culture)' ├╝yesiyle e┼ƒle┼ƒmiyor (muhtemelen null atanabilirlik ├╢znitelikleri nedeniyle). [C:\Users\Ceyda\.gemini\antigravity\scratch\SrcSinavUygulamasi\SrcSinavUygulamasi.csproj::TargetFramework=net8.0-android]
C:\Users\Ceyda\.gemini\antigravity\scratch\SrcSinavUygulamasi\Converters\InvertBoolConverter.cs(5,23): warning CS8767: 'value' parametresinin 'object InvertBoolConverter.Convert(object value, Type targetType, object parameter, CultureInfo culture)' t├╝r├╝ndeki ba┼ƒvuru t├╝rlerinin null atanabilirli─ƒi ├╢rt├╝k olarak uygulanan 'object? IValueConverter.Convert(object? value, Type targetType, object? parameter, CultureInfo culture)' ├╝yesiyle e┼ƒle┼ƒmiyor (muhtemelen null atanabilirlik ├╢znitelikleri nedeniyle). [C:\Users\Ceyda\.gemini\antigravity\scratch\SrcSinavUygulamasi\SrcSinavUygulamasi.csproj::TargetFramework=net8.0-android]
C:\Users\Ceyda\.gemini\antigravity\scratch\SrcSinavUygulamasi\Converters\InvertBoolConverter.cs(5,23): warning CS8767: 'parameter' parametresinin 'object InvertBoolConverter.Convert(object value, Type targetType, object parameter, CultureInfo culture)' t├╝r├╝ndeki ba┼ƒvuru t├╝rlerinin null atanabilirli─ƒi ├╢rt├╝k olarak uygulanan 'object? IValueConverter.Convert(object? value, Type targetType, object? parameter, CultureInfo culture)' ├╝yesiyle e┼ƒle┼ƒmiyor (muhtemelen null atanabilirlik ├╢znitelikleri nedeniyle). [C:\Users\Ceyda\.gemini\antigravity\scratch\SrcSinavUygulamasi\SrcSinavUygulamasi.csproj::TargetFramework=net8.0-android]
C:\Users\Ceyda\.gemini\antigravity\scratch\SrcSinavUygulamasi\Converters\InvertBoolConverter.cs(12,23): warning CS8767: 'value' parametresinin 'object InvertBoolConverter.ConvertBack(object value, Type targetType, object parameter, CultureInfo culture)' t├╝r├╝ndeki ba┼ƒvuru t├╝rlerinin null atanabilirli─ƒi ├╢rt├╝k olarak uygulanan 'object? IValueConverter.ConvertBack(object? value, Type targetType, object? parameter, CultureInfo culture)' ├╝yesiyle e┼ƒle┼ƒmiyor (muhtemelen null atanabilirlik ├╢znitelikleri nedeniyle). [C:\Users\Ceyda\.gemini\antigravity\scratch\SrcSinavUygulamasi\SrcSinavUygulamasi.csproj::TargetFramework=net8.0-android]
C:\Users\Ceyda\.gemini\antigravity\scratch\SrcSinavUygulamasi\Converters\InvertBoolConverter.cs(12,23): warning CS8767: 'parameter' parametresinin 'object InvertBoolConverter.ConvertBack(object value, Type targetType, object parameter, CultureInfo culture)' t├╝r├╝ndeki ba┼ƒvuru t├╝rlerinin null atanabilirli─ƒi ├╢rt├╝k olarak uygulanan 'object? IValueConverter.ConvertBack(object? value, Type targetType, object? parameter, CultureInfo culture)' ├╝yesiyle e┼ƒle┼ƒmiyor (muhtemelen null atanabilirlik ├╢znitelikleri nedeniyle). [C:\Users\Ceyda\.gemini\antigravity\scratch\SrcSinavUygulamasi\SrcSinavUygulamasi.csproj::TargetFramework=net8.0-android]
C:\Users\Ceyda\.gemini\antigravity\scratch\SrcSinavUygulamasi\Converters\FearLogicConverters.cs(11,23): warning CS8767: 'value' parametresinin 'object CriticalStateColorConverter.Convert(object value, Type targetType, object parameter, CultureInfo culture)' t├╝r├╝ndeki ba┼ƒvuru t├╝rlerinin null atanabilirli─ƒi ├╢rt├╝k olarak uygulanan 'object? IValueConverter.Convert(object? value, Type targetType, object? parameter, CultureInfo culture)' ├╝yesiyle e┼ƒle┼ƒmiyor (muhtemelen null atanabilirlik ├╢znitelikleri nedeniyle). [C:\Users\Ceyda\.gemini\antigravity\scratch\SrcSinavUygulamasi\SrcSinavUygulamasi.csproj::TargetFramework=net8.0-windows10.0.19041.0]
C:\Users\Ceyda\.gemini\antigravity\scratch\SrcSinavUygulamasi\Converters\FearLogicConverters.cs(11,23): warning CS8767: 'parameter' parametresinin 'object CriticalStateColorConverter.Convert(object value, Type targetType, object parameter, CultureInfo culture)' t├╝r├╝ndeki ba┼ƒvuru t├╝rlerinin null atanabilirli─ƒi ├╢rt├╝k olarak uygulanan 'object? IValueConverter.Convert(object? value, Type targetType, object? parameter, CultureInfo culture)' ├╝yesiyle e┼ƒle┼ƒmiyor (muhtemelen null atanabilirlik ├╢znitelikleri nedeniyle). [C:\Users\Ceyda\.gemini\antigravity\scratch\SrcSinavUygulamasi\SrcSinavUygulamasi.csproj::TargetFramework=net8.0-windows10.0.19041.0]
C:\Users\Ceyda\.gemini\antigravity\scratch\SrcSinavUygulamasi\Converters\FearLogicConverters.cs(36,23): warning CS8767: 'value' parametresinin 'object CriticalStateColorConverter.ConvertBack(object value, Type targetType, object parameter, CultureInfo culture)' t├╝r├╝ndeki ba┼ƒvuru t├╝rlerinin null atanabilirli─ƒi ├╢rt├╝k olarak uygulanan 'object? IValueConverter.ConvertBack(object? value, Type targetType, object? parameter, CultureInfo culture)' ├╝yesiyle e┼ƒle┼ƒmiyor (muhtemelen null atanabilirlik ├╢znitelikleri nedeniyle). [C:\Users\Ceyda\.gemini\antigravity\scratch\SrcSinavUygulamasi\SrcSinavUygulamasi.csproj::TargetFramework=net8.0-windows10.0.19041.0]
C:\Users\Ceyda\.gemini\antigravity\scratch\SrcSinavUygulamasi\Converters\FearLogicConverters.cs(36,23): warning CS8767: 'parameter' parametresinin 'object CriticalStateColorConverter.ConvertBack(object value, Type targetType, object parameter, CultureInfo culture)' t├╝r├╝ndeki ba┼ƒvuru t├╝rlerinin null atanabilirli─ƒi ├╢rt├╝k olarak uygulanan 'object? IValueConverter.ConvertBack(object? value, Type targetType, object? parameter, CultureInfo culture)' ├╝yesiyle e┼ƒle┼ƒmiyor (muhtemelen null atanabilirlik ├╢znitelikleri nedeniyle). [C:\Users\Ceyda\.gemini\antigravity\scratch\SrcSinavUygulamasi\SrcSinavUygulamasi.csproj::TargetFramework=net8.0-windows10.0.19041.0]
C:\Users\Ceyda\.gemini\antigravity\scratch\SrcSinavUygulamasi\Converters\FearLogicConverters.cs(47,23): warning CS8767: 'value' parametresinin 'object PercentageToColorConverter.Convert(object value, Type targetType, object parameter, CultureInfo culture)' t├╝r├╝ndeki ba┼ƒvuru t├╝rlerinin null atanabilirli─ƒi ├╢rt├╝k olarak uygulanan 'object? IValueConverter.Convert(object? value, Type targetType, object? parameter, CultureInfo culture)' ├╝yesiyle e┼ƒle┼ƒmiyor (muhtemelen null atanabilirlik ├╢znitelikleri nedeniyle). [C:\Users\Ceyda\.gemini\antigravity\scratch\SrcSinavUygulamasi\SrcSinavUygulamasi.csproj::TargetFramework=net8.0-windows10.0.19041.0]
C:\Users\Ceyda\.gemini\antigravity\scratch\SrcSinavUygulamasi\Converters\FearLogicConverters.cs(47,23): warning CS8767: 'parameter' parametresinin 'object PercentageToColorConverter.Convert(object value, Type targetType, object parameter, CultureInfo culture)' t├╝r├╝ndeki ba┼ƒvuru t├╝rlerinin null atanabilirli─ƒi ├╢rt├╝k olarak uygulanan 'object? IValueConverter.Convert(object? value, Type targetType, object? parameter, CultureInfo culture)' ├╝yesiyle e┼ƒle┼ƒmiyor (muhtemelen null atanabilirlik ├╢znitelikleri nedeniyle). [C:\Users\Ceyda\.gemini\antigravity\scratch\SrcSinavUygulamasi\SrcSinavUygulamasi.csproj::TargetFramework=net8.0-windows10.0.19041.0]
C:\Users\Ceyda\.gemini\antigravity\scratch\SrcSinavUygulamasi\Converters\FearLogicConverters.cs(59,23): warning CS8767: 'value' parametresinin 'object PercentageToColorConverter.ConvertBack(object value, Type targetType, object parameter, CultureInfo culture)' t├╝r├╝ndeki ba┼ƒvuru t├╝rlerinin null atanabilirli─ƒi ├╢rt├╝k olarak uygulanan 'object? IValueConverter.ConvertBack(object? value, Type targetType, object? parameter, CultureInfo culture)' ├╝yesiyle e┼ƒle┼ƒmiyor (muhtemelen null atanabilirlik ├╢znitelikleri nedeniyle). [C:\Users\Ceyda\.gemini\antigravity\scratch\SrcSinavUygulamasi\SrcSinavUygulamasi.csproj::TargetFramework=net8.0-windows10.0.19041.0]
C:\Users\Ceyda\.gemini\antigravity\scratch\SrcSinavUygulamasi\Converters\FearLogicConverters.cs(59,23): warning CS8767: 'parameter' parametresinin 'object PercentageToColorConverter.ConvertBack(object value, Type targetType, object parameter, CultureInfo culture)' t├╝r├╝ndeki ba┼ƒvuru t├╝rlerinin null atanabilirli─ƒi ├╢rt├╝k olarak uygulanan 'object? IValueConverter.ConvertBack(object? value, Type targetType, object? parameter, CultureInfo culture)' ├╝yesiyle e┼ƒle┼ƒmiyor (muhtemelen null atanabilirlik ├╢znitelikleri nedeniyle). [C:\Users\Ceyda\.gemini\antigravity\scratch\SrcSinavUygulamasi\SrcSinavUygulamasi.csproj::TargetFramework=net8.0-windows10.0.19041.0]
C:\Users\Ceyda\.gemini\antigravity\scratch\SrcSinavUygulamasi\Converters\FearLogicConverters.cs(70,23): warning CS8767: 'value' parametresinin 'object StringToColorConverter.Convert(object value, Type targetType, object parameter, CultureInfo culture)' t├╝r├╝ndeki ba┼ƒvuru t├╝rlerinin null atanabilirli─ƒi ├╢rt├╝k olarak uygulanan 'object? IValueConverter.Convert(object? value, Type targetType, object? parameter, CultureInfo culture)' ├╝yesiyle e┼ƒle┼ƒmiyor (muhtemelen null atanabilirlik ├╢znitelikleri nedeniyle). [C:\Users\Ceyda\.gemini\antigravity\scratch\SrcSinavUygulamasi\SrcSinavUygulamasi.csproj::TargetFramework=net8.0-windows10.0.19041.0]
C:\Users\Ceyda\.gemini\antigravity\scratch\SrcSinavUygulamasi\Converters\FearLogicConverters.cs(70,23): warning CS8767: 'parameter' parametresinin 'object StringToColorConverter.Convert(object value, Type targetType, object parameter, CultureInfo culture)' t├╝r├╝ndeki ba┼ƒvuru t├╝rlerinin null atanabilirli─ƒi ├╢rt├╝k olarak uygulanan 'object? IValueConverter.Convert(object? value, Type targetType, object? parameter, CultureInfo culture)' ├╝yesiyle e┼ƒle┼ƒmiyor (muhtemelen null atanabilirlik ├╢znitelikleri nedeniyle). [C:\Users\Ceyda\.gemini\antigravity\scratch\SrcSinavUygulamasi\SrcSinavUygulamasi.csproj::TargetFramework=net8.0-windows10.0.19041.0]
C:\Users\Ceyda\.gemini\antigravity\scratch\SrcSinavUygulamasi\Converters\FearLogicConverters.cs(86,23): warning CS8767: 'value' parametresinin 'object StringToColorConverter.ConvertBack(object value, Type targetType, object parameter, CultureInfo culture)' t├╝r├╝ndeki ba┼ƒvuru t├╝rlerinin null atanabilirli─ƒi ├╢rt├╝k olarak uygulanan 'object? IValueConverter.ConvertBack(object? value, Type targetType, object? parameter, CultureInfo culture)' ├╝yesiyle e┼ƒle┼ƒmiyor (muhtemelen null atanabilirlik ├╢znitelikleri nedeniyle). [C:\Users\Ceyda\.gemini\antigravity\scratch\SrcSinavUygulamasi\SrcSinavUygulamasi.csproj::TargetFramework=net8.0-windows10.0.19041.0]
C:\Users\Ceyda\.gemini\antigravity\scratch\SrcSinavUygulamasi\Converters\FearLogicConverters.cs(86,23): warning CS8767: 'parameter' parametresinin 'object StringToColorConverter.ConvertBack(object value, Type targetType, object parameter, CultureInfo culture)' t├╝r├╝ndeki ba┼ƒvuru t├╝rlerinin null atanabilirli─ƒi ├╢rt├╝k olarak uygulanan 'object? IValueConverter.ConvertBack(object? value, Type targetType, object? parameter, CultureInfo culture)' ├╝yesiyle e┼ƒle┼ƒmiyor (muhtemelen null atanabilirlik ├╢znitelikleri nedeniyle). [C:\Users\Ceyda\.gemini\antigravity\scratch\SrcSinavUygulamasi\SrcSinavUygulamasi.csproj::TargetFramework=net8.0-windows10.0.19041.0]
C:\Users\Ceyda\.gemini\antigravity\scratch\SrcSinavUygulamasi\Converters\IndexToColorConverter.cs(8,23): warning CS8767: 'value' parametresinin 'object IndexToColorConverter.Convert(object value, Type targetType, object parameter, CultureInfo culture)' t├╝r├╝ndeki ba┼ƒvuru t├╝rlerinin null atanabilirli─ƒi ├╢rt├╝k olarak uygulanan 'object? IValueConverter.Convert(object? value, Type targetType, object? parameter, CultureInfo culture)' ├╝yesiyle e┼ƒle┼ƒmiyor (muhtemelen null atanabilirlik ├╢znitelikleri nedeniyle). [C:\Users\Ceyda\.gemini\antigravity\scratch\SrcSinavUygulamasi\SrcSinavUygulamasi.csproj::TargetFramework=net8.0-windows10.0.19041.0]
C:\Users\Ceyda\.gemini\antigravity\scratch\SrcSinavUygulamasi\Converters\IndexToColorConverter.cs(8,23): warning CS8767: 'parameter' parametresinin 'object IndexToColorConverter.Convert(object value, Type targetType, object parameter, CultureInfo culture)' t├╝r├╝ndeki ba┼ƒvuru t├╝rlerinin null atanabilirli─ƒi ├╢rt├╝k olarak uygulanan 'object? IValueConverter.Convert(object? value, Type targetType, object? parameter, CultureInfo culture)' ├╝yesiyle e┼ƒle┼ƒmiyor (muhtemelen null atanabilirlik ├╢znitelikleri nedeniyle). [C:\Users\Ceyda\.gemini\antigravity\scratch\SrcSinavUygulamasi\SrcSinavUygulamasi.csproj::TargetFramework=net8.0-windows10.0.19041.0]
C:\Users\Ceyda\.gemini\antigravity\scratch\SrcSinavUygulamasi\Converters\IndexToColorConverter.cs(15,23): warning CS8767: 'value' parametresinin 'object IndexToColorConverter.ConvertBack(object value, Type targetType, object parameter, CultureInfo culture)' t├╝r├╝ndeki ba┼ƒvuru t├╝rlerinin null atanabilirli─ƒi ├╢rt├╝k olarak uygulanan 'object? IValueConverter.ConvertBack(object? value, Type targetType, object? parameter, CultureInfo culture)' ├╝yesiyle e┼ƒle┼ƒmiyor (muhtemelen null atanabilirlik ├╢znitelikleri nedeniyle). [C:\Users\Ceyda\.gemini\antigravity\scratch\SrcSinavUygulamasi\SrcSinavUygulamasi.csproj::TargetFramework=net8.0-windows10.0.19041.0]
C:\Users\Ceyda\.gemini\antigravity\scratch\SrcSinavUygulamasi\Converters\IndexToColorConverter.cs(15,23): warning CS8767: 'parameter' parametresinin 'object IndexToColorConverter.ConvertBack(object value, Type targetType, object parameter, CultureInfo culture)' t├╝r├╝ndeki ba┼ƒvuru t├╝rlerinin null atanabilirli─ƒi ├╢rt├╝k olarak uygulanan 'object? IValueConverter.ConvertBack(object? value, Type targetType, object? parameter, CultureInfo culture)' ├╝yesiyle e┼ƒle┼ƒmiyor (muhtemelen null atanabilirlik ├╢znitelikleri nedeniyle). [C:\Users\Ceyda\.gemini\antigravity\scratch\SrcSinavUygulamasi\SrcSinavUygulamasi.csproj::TargetFramework=net8.0-windows10.0.19041.0]
C:\Users\Ceyda\.gemini\antigravity\scratch\SrcSinavUygulamasi\Converters\InvertBoolConverter.cs(5,23): warning CS8767: 'value' parametresinin 'object InvertBoolConverter.Convert(object value, Type targetType, object parameter, CultureInfo culture)' t├╝r├╝ndeki ba┼ƒvuru t├╝rlerinin null atanabilirli─ƒi ├╢rt├╝k olarak uygulanan 'object? IValueConverter.Convert(object? value, Type targetType, object? parameter, CultureInfo culture)' ├╝yesiyle e┼ƒle┼ƒmiyor (muhtemelen null atanabilirlik ├╢znitelikleri nedeniyle). [C:\Users\Ceyda\.gemini\antigravity\scratch\SrcSinavUygulamasi\SrcSinavUygulamasi.csproj::TargetFramework=net8.0-windows10.0.19041.0]
C:\Users\Ceyda\.gemini\antigravity\scratch\SrcSinavUygulamasi\Converters\InvertBoolConverter.cs(5,23): warning CS8767: 'parameter' parametresinin 'object InvertBoolConverter.Convert(object value, Type targetType, object parameter, CultureInfo culture)' t├╝r├╝ndeki ba┼ƒvuru t├╝rlerinin null atanabilirli─ƒi ├╢rt├╝k olarak uygulanan 'object? IValueConverter.Convert(object? value, Type targetType, object? parameter, CultureInfo culture)' ├╝yesiyle e┼ƒle┼ƒmiyor (muhtemelen null atanabilirlik ├╢znitelikleri nedeniyle). [C:\Users\Ceyda\.gemini\antigravity\scratch\SrcSinavUygulamasi\SrcSinavUygulamasi.csproj::TargetFramework=net8.0-windows10.0.19041.0]
C:\Users\Ceyda\.gemini\antigravity\scratch\SrcSinavUygulamasi\Converters\InvertBoolConverter.cs(12,23): warning CS8767: 'value' parametresinin 'object InvertBoolConverter.ConvertBack(object value, Type targetType, object parameter, CultureInfo culture)' t├╝r├╝ndeki ba┼ƒvuru t├╝rlerinin null atanabilirli─ƒi ├╢rt├╝k olarak uygulanan 'object? IValueConverter.ConvertBack(object? value, Type targetType, object? parameter, CultureInfo culture)' ├╝yesiyle e┼ƒle┼ƒmiyor (muhtemelen null atanabilirlik ├╢znitelikleri nedeniyle). [C:\Users\Ceyda\.gemini\antigravity\scratch\SrcSinavUygulamasi\SrcSinavUygulamasi.csproj::TargetFramework=net8.0-windows10.0.19041.0]
C:\Users\Ceyda\.gemini\antigravity\scratch\SrcSinavUygulamasi\Converters\InvertBoolConverter.cs(12,23): warning CS8767: 'parameter' parametresinin 'object InvertBoolConverter.ConvertBack(object value, Type targetType, object parameter, CultureInfo culture)' t├╝r├╝ndeki ba┼ƒvuru t├╝rlerinin null atanabilirli─ƒi ├╢rt├╝k olarak uygulanan 'object? IValueConverter.ConvertBack(object? value, Type targetType, object? parameter, CultureInfo culture)' ├╝yesiyle e┼ƒle┼ƒmiyor (muhtemelen null atanabilirlik ├╢znitelikleri nedeniyle). [C:\Users\Ceyda\.gemini\antigravity\scratch\SrcSinavUygulamasi\SrcSinavUygulamasi.csproj::TargetFramework=net8.0-windows10.0.19041.0]
C:\Users\Ceyda\.gemini\antigravity\scratch\SrcSinavUygulamasi\Services\ExamProgressService.cs(356,29): error CS0111: 'ExamProgressService' t├╝r├╝ ayn─▒ parametre t├╝rleriyle 'BuildMiniExamQuestionIds' adl─▒ bir ├╝yeyi zaten tan─▒ml─▒yor [C:\Users\Ceyda\.gemini\antigravity\scratch\SrcSinavUygulamasi\SrcSinavUygulamasi.csproj::TargetFramework=net8.0-maccatalyst]
C:\Users\Ceyda\.gemini\antigravity\scratch\SrcSinavUygulamasi\Services\ExamProgressService.cs(356,29): error CS0111: 'ExamProgressService' t├╝r├╝ ayn─▒ parametre t├╝rleriyle 'BuildMiniExamQuestionIds' adl─▒ bir ├╝yeyi zaten tan─▒ml─▒yor [C:\Users\Ceyda\.gemini\antigravity\scratch\SrcSinavUygulamasi\SrcSinavUygulamasi.csproj::TargetFramework=net8.0-ios]
C:\Users\Ceyda\.gemini\antigravity\scratch\SrcSinavUygulamasi\Services\ExamProgressService.cs(356,29): error CS0111: 'ExamProgressService' t├╝r├╝ ayn─▒ parametre t├╝rleriyle 'BuildMiniExamQuestionIds' adl─▒ bir ├╝yeyi zaten tan─▒ml─▒yor [C:\Users\Ceyda\.gemini\antigravity\scratch\SrcSinavUygulamasi\SrcSinavUygulamasi.csproj::TargetFramework=net8.0-android]
C:\Users\Ceyda\.gemini\antigravity\scratch\SrcSinavUygulamasi\Services\ExamProgressService.cs(356,29): error CS0111: 'ExamProgressService' t├╝r├╝ ayn─▒ parametre t├╝rleriyle 'BuildMiniExamQuestionIds' adl─▒ bir ├╝yeyi zaten tan─▒ml─▒yor [C:\Users\Ceyda\.gemini\antigravity\scratch\SrcSinavUygulamasi\SrcSinavUygulamasi.csproj::TargetFramework=net8.0-windows10.0.19041.0]
    90 Uyar─▒
    4 Hata

Ge├ºen S├╝re 00:00:16.47
